#
# There is insufficient memory for the Java Runtime Environment to continue.
# Native memory allocation (mmap) failed to map 65536 bytes for Failed to commit metaspace.
# Possible reasons:
#   The system is out of physical RAM or swap space
#   The process is running with CompressedOops enabled, and the Java Heap may be blocking the growth of the native heap
# Possible solutions:
#   Reduce memory load on the system
#   Increase physical memory or swap space
#   Check if swap backing store is full
#   Decrease Java heap size (-Xmx/-Xms)
#   Decrease number of Java threads
#   Decrease Java thread stack sizes (-Xss)
#   Set larger code cache with -XX:ReservedCodeCacheSize=
#   JVM is running with Unscaled Compressed Oops mode in which the Java heap is
#     placed in the first 4GB address space. The Java Heap base address is the
#     maximum limit for the native heap growth. Please use -XX:HeapBaseMinAddress
#     to set the Java Heap base and to place the Java Heap above 4GB virtual address.
# This output file may be truncated or incomplete.
#
#  Out of Memory Error (virtualSpaceNode.cpp:112), pid=24992, tid=25956
#
# JRE version: Java(TM) SE Runtime Environment (21.0.6+8) (build 21.0.6+8-LTS-188)
# Java VM: Java HotSpot(TM) 64-Bit Server VM (21.0.6+8-LTS-188, mixed mode, emulated-client, sharing, tiered, compressed oops, compressed class ptrs, g1 gc, windows-amd64)
# No core dump will be written. Minidumps are not enabled by default on client versions of Windows
#

---------------  S U M M A R Y ------------

Command Line: -XX:TieredStopAtLevel=1 -Dspring.output.ansi.enabled=always -Dcom.sun.management.jmxremote -Dspring.jmx.enabled=true -Dspring.liveBeansView.mbeanDomain -Dspring.application.admin.enabled=true -Dmanagement.endpoints.jmx.exposure.include=* -javaagent:C:\Program Files\JetBrains\IntelliJ IDEA 2024.3.2.2\lib\idea_rt.jar=57052:C:\Program Files\JetBrains\IntelliJ IDEA 2024.3.2.2\bin -Dfile.encoding=UTF-8 -Dsun.stdout.encoding=UTF-8 -Dsun.stderr.encoding=UTF-8 com.programming.techie.gateway.ApiGatewayApplication

Host: AMD Ryzen 3 5300U with Radeon Graphics         , 8 cores, 5G,  Windows 11 , 64 bit Build 22621 (10.0.22621.4830)
Time: Thu Feb 27 13:26:53 2025 SE Asia Standard Time elapsed time: 2.445894 seconds (0d 0h 0m 2s)

---------------  T H R E A D  ---------------

Current thread (0x000002cbb73f0640):  JavaThread "main"             [_thread_in_vm, id=25956, stack(0x000000fd68600000,0x000000fd68700000) (1024K)]

Stack: [0x000000fd68600000,0x000000fd68700000]
Native frames: (J=compiled Java code, j=interpreted, Vv=VM code, C=native code)
V  [jvm.dll+0x6ca6d9]
V  [jvm.dll+0x854f51]
V  [jvm.dll+0x85747e]
V  [jvm.dll+0x857b53]
V  [jvm.dll+0x27dcc6]
V  [jvm.dll+0x850b6e]
V  [jvm.dll+0x66e3e5]
V  [jvm.dll+0x66e44a]
V  [jvm.dll+0x670c65]
V  [jvm.dll+0x670b32]
V  [jvm.dll+0x66edbe]
V  [jvm.dll+0x6ab68e]
V  [jvm.dll+0x3bd585]
V  [jvm.dll+0x6ab546]
V  [jvm.dll+0x3bd585]
V  [jvm.dll+0x3bd4a5]
V  [jvm.dll+0x3d3247]
C  0x000002cbc1a88e87

The last pc belongs to anewarray (printed below).
Java frames: (J=compiled Java code, j=interpreted, Vv=VM code)
j  java.beans.Introspector.<clinit>()V+1 java.desktop@21.0.6
v  ~StubRoutines::call_stub 0x000002cbc1a7100d
j  org.springframework.boot.context.properties.bind.JavaBeanBinder$BeanProperties.addMethodIfPossible(Ljava/lang/reflect/Method;Ljava/lang/String;ILjava/util/function/BiConsumer;)V+48
j  org.springframework.boot.context.properties.bind.JavaBeanBinder$BeanProperties.addProperties([Ljava/lang/reflect/Method;[Ljava/lang/reflect/Field;)V+61
j  org.springframework.boot.context.properties.bind.JavaBeanBinder$BeanProperties.addProperties(Ljava/lang/Class;)V+55
j  org.springframework.boot.context.properties.bind.JavaBeanBinder$BeanProperties.<init>(Lorg/springframework/core/ResolvableType;Ljava/lang/Class;)V+27
j  org.springframework.boot.context.properties.bind.JavaBeanBinder$Bean.<init>(Lorg/springframework/core/ResolvableType;Ljava/lang/Class;)V+3
j  org.springframework.boot.context.properties.bind.JavaBeanBinder$Bean.get(Lorg/springframework/boot/context/properties/bind/Bindable;Z)Lorg/springframework/boot/context/properties/bind/JavaBeanBinder$Bean;+94
j  org.springframework.boot.context.properties.bind.JavaBeanBinder.bind(Lorg/springframework/boot/context/properties/source/ConfigurationPropertyName;Lorg/springframework/boot/context/properties/bind/Bindable;Lorg/springframework/boot/context/properties/bind/Binder$Context;Lorg/springframework/boot/context/properties/bind/DataObjectPropertyBinder;)Ljava/lang/Object;+26
j  org.springframework.boot.context.properties.bind.Binder.lambda$bindDataObject$6(Lorg/springframework/boot/context/properties/source/ConfigurationPropertyName;Lorg/springframework/boot/context/properties/bind/Bindable;Lorg/springframework/boot/context/properties/bind/Binder$Context;Lorg/springframework/boot/context/properties/bind/DataObjectPropertyBinder;Lorg/springframework/boot/context/properties/bind/DataObjectBinder;)Ljava/lang/Object;+6
j  org.springframework.boot.context.properties.bind.Binder$$Lambda+0x000002cbcb18dd80.apply(Ljava/lang/Object;)Ljava/lang/Object;+20
J 1800 c1 java.util.stream.ReferencePipeline$3$1.accept(Ljava/lang/Object;)V java.base@21.0.6 (23 bytes) @ 0x000002cbc1ed909c [0x000002cbc1ed9040+0x000000000000005c]
j  java.util.AbstractList$RandomAccessSpliterator.tryAdvance(Ljava/util/function/Consumer;)Z+43 java.base@21.0.6
j  java.util.stream.ReferencePipeline.forEachWithCancel(Ljava/util/Spliterator;Ljava/util/stream/Sink;)Z+13 java.base@21.0.6
J 1963 c1 java.util.stream.AbstractPipeline.copyIntoWithCancel(Ljava/util/stream/Sink;Ljava/util/Spliterator;)Z java.base@21.0.6 (46 bytes) @ 0x000002cbc1f19f24 [0x000002cbc1f19e60+0x00000000000000c4]
J 1793 c1 java.util.stream.AbstractPipeline.copyInto(Ljava/util/stream/Sink;Ljava/util/Spliterator;)V java.base@21.0.6 (54 bytes) @ 0x000002cbc1ed774c [0x000002cbc1ed7620+0x000000000000012c]
J 1791 c1 java.util.stream.AbstractPipeline.wrapAndCopyInto(Ljava/util/stream/Sink;Ljava/util/Spliterator;)Ljava/util/stream/Sink; java.base@21.0.6 (18 bytes) @ 0x000002cbc1ed6434 [0x000002cbc1ed6360+0x00000000000000d4]
j  java.util.stream.FindOps$FindOp.evaluateSequential(Ljava/util/stream/PipelineHelper;Ljava/util/Spliterator;)Ljava/lang/Object;+14 java.base@21.0.6
j  java.util.stream.AbstractPipeline.evaluate(Ljava/util/stream/TerminalOp;)Ljava/lang/Object;+88 java.base@21.0.6
j  java.util.stream.ReferencePipeline.findFirst()Ljava/util/Optional;+5 java.base@21.0.6
j  org.springframework.boot.context.properties.bind.Binder.fromDataObjectBinders(Lorg/springframework/boot/context/properties/bind/BindMethod;Ljava/util/function/Function;)Ljava/lang/Object;+34
j  org.springframework.boot.context.properties.bind.Binder.lambda$bindDataObject$7(Lorg/springframework/boot/context/properties/bind/BindMethod;Lorg/springframework/boot/context/properties/source/ConfigurationPropertyName;Lorg/springframework/boot/context/properties/bind/Bindable;Lorg/springframework/boot/context/properties/bind/Binder$Context;Lorg/springframework/boot/context/properties/bind/DataObjectPropertyBinder;)Ljava/lang/Object;+13
j  org.springframework.boot.context.properties.bind.Binder$$Lambda+0x000002cbcb18db68.get()Ljava/lang/Object;+24
j  org.springframework.boot.context.properties.bind.Binder$Context.withIncreasedDepth(Ljava/util/function/Supplier;)Ljava/lang/Object;+5
j  org.springframework.boot.context.properties.bind.Binder$Context.withDataObject(Ljava/lang/Class;Ljava/util/function/Supplier;)Ljava/lang/Object;+12
j  org.springframework.boot.context.properties.bind.Binder.bindDataObject(Lorg/springframework/boot/context/properties/source/ConfigurationPropertyName;Lorg/springframework/boot/context/properties/bind/Bindable;Lorg/springframework/boot/context/properties/bind/BindHandler;Lorg/springframework/boot/context/properties/bind/Binder$Context;Z)Ljava/lang/Object;+77
j  org.springframework.boot.context.properties.bind.Binder.bindObject(Lorg/springframework/boot/context/properties/source/ConfigurationPropertyName;Lorg/springframework/boot/context/properties/bind/Bindable;Lorg/springframework/boot/context/properties/bind/BindHandler;Lorg/springframework/boot/context/properties/bind/Binder$Context;Z)Ljava/lang/Object;+113
j  org.springframework.boot.context.properties.bind.Binder.bind(Lorg/springframework/boot/context/properties/source/ConfigurationPropertyName;Lorg/springframework/boot/context/properties/bind/Bindable;Lorg/springframework/boot/context/properties/bind/BindHandler;Lorg/springframework/boot/context/properties/bind/Binder$Context;ZZ)Ljava/lang/Object;+41
j  org.springframework.boot.context.properties.bind.Binder.bind(Lorg/springframework/boot/context/properties/source/ConfigurationPropertyName;Lorg/springframework/boot/context/properties/bind/Bindable;Lorg/springframework/boot/context/properties/bind/BindHandler;Z)Ljava/lang/Object;+44
j  org.springframework.boot.context.properties.bind.Binder.bind(Lorg/springframework/boot/context/properties/source/ConfigurationPropertyName;Lorg/springframework/boot/context/properties/bind/Bindable;Lorg/springframework/boot/context/properties/bind/BindHandler;)Lorg/springframework/boot/context/properties/bind/BindResult;+5
j  org.springframework.boot.context.properties.bind.Binder.bind(Ljava/lang/String;Lorg/springframework/boot/context/properties/bind/Bindable;)Lorg/springframework/boot/context/properties/bind/BindResult;+7
j  org.springframework.cloud.client.HostInfoEnvironmentPostProcessor.getFirstNonLoopbackHostInfo(Lorg/springframework/core/env/ConfigurableEnvironment;)Lorg/springframework/cloud/commons/util/InetUtils$HostInfo;+22
j  org.springframework.cloud.client.HostInfoEnvironmentPostProcessor.postProcessEnvironment(Lorg/springframework/core/env/ConfigurableEnvironment;Lorg/springframework/boot/SpringApplication;)V+2
j  org.springframework.boot.env.EnvironmentPostProcessorApplicationListener.onApplicationEnvironmentPreparedEvent(Lorg/springframework/boot/context/event/ApplicationEnvironmentPreparedEvent;)V+66
j  org.springframework.boot.env.EnvironmentPostProcessorApplicationListener.onApplicationEvent(Lorg/springframework/context/ApplicationEvent;)V+14
j  org.springframework.context.event.SimpleApplicationEventMulticaster.doInvokeListener(Lorg/springframework/context/ApplicationListener;Lorg/springframework/context/ApplicationEvent;)V+2
j  org.springframework.context.event.SimpleApplicationEventMulticaster.invokeListener(Lorg/springframework/context/ApplicationListener;Lorg/springframework/context/ApplicationEvent;)V+34
j  org.springframework.context.event.SimpleApplicationEventMulticaster.multicastEvent(Lorg/springframework/context/ApplicationEvent;Lorg/springframework/core/ResolvableType;)V+104
j  org.springframework.context.event.SimpleApplicationEventMulticaster.multicastEvent(Lorg/springframework/context/ApplicationEvent;)V+3
j  org.springframework.boot.context.event.EventPublishingRunListener.multicastInitialEvent(Lorg/springframework/context/ApplicationEvent;)V+9
j  org.springframework.boot.context.event.EventPublishingRunListener.environmentPrepared(Lorg/springframework/boot/ConfigurableBootstrapContext;Lorg/springframework/core/env/ConfigurableEnvironment;)V+18
j  org.springframework.boot.SpringApplicationRunListeners.lambda$environmentPrepared$2(Lorg/springframework/boot/ConfigurableBootstrapContext;Lorg/springframework/core/env/ConfigurableEnvironment;Lorg/springframework/boot/SpringApplicationRunListener;)V+3
j  org.springframework.boot.SpringApplicationRunListeners$$Lambda+0x000002cbcb1388b0.accept(Ljava/lang/Object;)V+12
j  java.lang.Iterable.forEach(Ljava/util/function/Consumer;)V+30 java.base@21.0.6
j  org.springframework.boot.SpringApplicationRunListeners.doWithListeners(Ljava/lang/String;Ljava/util/function/Consumer;Ljava/util/function/Consumer;)V+17
j  org.springframework.boot.SpringApplicationRunListeners.doWithListeners(Ljava/lang/String;Ljava/util/function/Consumer;)V+4
j  org.springframework.boot.SpringApplicationRunListeners.environmentPrepared(Lorg/springframework/boot/ConfigurableBootstrapContext;Lorg/springframework/core/env/ConfigurableEnvironment;)V+10
j  org.springframework.boot.SpringApplication.prepareEnvironment(Lorg/springframework/boot/SpringApplicationRunListeners;Lorg/springframework/boot/DefaultBootstrapContext;Lorg/springframework/boot/ApplicationArguments;)Lorg/springframework/core/env/ConfigurableEnvironment;+27
j  org.springframework.boot.SpringApplication.run([Ljava/lang/String;)Lorg/springframework/context/ConfigurableApplicationContext;+65
j  org.springframework.boot.SpringApplication.run([Ljava/lang/Class;[Ljava/lang/String;)Lorg/springframework/context/ConfigurableApplicationContext;+9
j  org.springframework.boot.SpringApplication.run(Ljava/lang/Class;[Ljava/lang/String;)Lorg/springframework/context/ConfigurableApplicationContext;+9
j  com.programming.techie.gateway.ApiGatewayApplication.main([Ljava/lang/String;)V+3
v  ~StubRoutines::call_stub 0x000002cbc1a7100d
anewarray  189 anewarray  [0x000002cbc1a88e20, 0x000002cbc1a88f10]  240 bytes
[MachCode]
  0x000002cbc1a88e20: 8b04 2448 | 83c4 0845 | 0fb7 4501 | 410f c841 | c1e8 1048 | 8b55 e848 | 8b52 0848 | 8b52 08e8 
  0x000002cbc1a88e40: 0500 0000 | e9ab 0000 | 004c 8bc8 | 488d 4424 | 084c 896d | c049 8bcf | c5f8 7749 | 89af a803 
  0x000002cbc1a88e60: 0000 4989 | 8798 0300 | 0048 83ec | 2040 f6c4 | 0f0f 8419 | 0000 0048 | 83ec 0848 | b8d0 3103 
  0x000002cbc1a88e80: 1cfc 7f00 | 00ff d048 | 83c4 08e9 | 0c00 0000 | 48b8 d031 | 031c fc7f | 0000 ffd0 | 4883 c420 
  0x000002cbc1a88ea0: 49c7 8798 | 0300 0000 | 0000 0049 | c787 a803 | 0000 0000 | 0000 49c7 | 87a0 0300 | 0000 0000 
  0x000002cbc1a88ec0: 00c5 f877 | 4983 7f08 | 000f 8405 | 0000 00e9 | 2c80 feff | 498b 87f0 | 0300 0049 | c787 f003 
  0x000002cbc1a88ee0: 0000 0000 | 0000 4c8b | 6dc0 4c8b | 75c8 4e8d | 74f5 00c3 | 410f b65d | 0349 83c5 | 0349 ba10 
  0x000002cbc1a88f00: 1c8b 1cfc | 7f00 0041 | ff24 da0f | 1f44 0000 
[/MachCode]

Compiled method (c1)    2496 1800       1       java.util.stream.ReferencePipeline$3$1::accept (23 bytes)
 total in heap  [0x000002cbc1ed8e90,0x000002cbc1ed9208] = 888
 relocation     [0x000002cbc1ed8ff0,0x000002cbc1ed9038] = 72
 main code      [0x000002cbc1ed9040,0x000002cbc1ed9120] = 224
 stub code      [0x000002cbc1ed9120,0x000002cbc1ed9178] = 88
 metadata       [0x000002cbc1ed9178,0x000002cbc1ed9180] = 8
 scopes data    [0x000002cbc1ed9180,0x000002cbc1ed91a0] = 32
 scopes pcs     [0x000002cbc1ed91a0,0x000002cbc1ed91f0] = 80
 dependencies   [0x000002cbc1ed91f0,0x000002cbc1ed91f8] = 8
 nul chk table  [0x000002cbc1ed91f8,0x000002cbc1ed9208] = 16

[Constant Pool (empty)]

[MachCode]
[Entry Point]
  # {method} {0x000002cbca35efb8} 'accept' '(Ljava/lang/Object;)V' in 'java/util/stream/ReferencePipeline$3$1'
  # this:     rdx:rdx   = 'java/util/stream/ReferencePipeline$3$1'
  # parm0:    r8:r8     = 'java/lang/Object'
  #           [sp+0x40]  (sp of caller)
  0x000002cbc1ed9040: 448b 5208 | 49bb 0000 | 00ca cb02 | 0000 4d03 | d34c 3bd0 

  0x000002cbc1ed9054: ;   {runtime_call ic_miss_stub}
  0x000002cbc1ed9054: 0f85 2657 | beff 660f | 1f44 0000 
[Verified Entry Point]
  0x000002cbc1ed9060: 8984 2400 | 80ff ff55 | 4883 ec30 | 4181 7f20 | 0100 0000 

  0x000002cbc1ed9074: ;   {runtime_call StubRoutines (final stubs)}
  0x000002cbc1ed9074: 7405 e8e5 | bcbc ff8b | 720c 8b52 | 108b 5234 | 4889 7424 | 200f 1f40 | 0048 b8ff | ffff ffff 
  0x000002cbc1ed9094: ;   {virtual_call}
  0x000002cbc1ed9094: ffff ffe8 

  0x000002cbc1ed9098: ; ImmutableOopMap {[32]=Oop }
                      ;*invokeinterface apply {reexecute=0 rethrow=0 return_oop=0}
                      ; - java.util.stream.ReferencePipeline$3$1::accept@12 (line 197)
  0x000002cbc1ed9098: 043b beff 

  0x000002cbc1ed909c: ;   {other}
  0x000002cbc1ed909c: 0f1f 8400 | 0c02 0000 | 4c8b c048 | 8b54 2420 | 9048 b8e8 | f135 cacb 

  0x000002cbc1ed90b4: ;   {virtual_call}
  0x000002cbc1ed90b4: 0200 00e8 

  0x000002cbc1ed90b8: ; ImmutableOopMap {}
                      ;*invokeinterface accept {reexecute=0 rethrow=0 return_oop=0}
                      ; - java.util.stream.ReferencePipeline$3$1::accept@17 (line 197)
  0x000002cbc1ed90b8: 243b beff 

  0x000002cbc1ed90bc: ;   {other}
  0x000002cbc1ed90bc: 0f1f 8400 | 2c02 0001 | 4883 c430 

  0x000002cbc1ed90c8: ;   {poll_return}
  0x000002cbc1ed90c8: 5d49 3ba7 | 4804 0000 | 0f87 0600 

  0x000002cbc1ed90d4: ;   {runtime_call throw_null_pointer_exception Runtime1 stub}
  0x000002cbc1ed90d4: 0000 c3e8 

  0x000002cbc1ed90d8: ; ImmutableOopMap {r8=Oop rsi=Oop }
                      ;*getfield val$mapper {reexecute=1 rethrow=0 return_oop=0}
                      ; - (reexecute) java.util.stream.ReferencePipeline$3$1::accept@8 (line 197)
  0x000002cbc1ed90d8: 2475 c9ff 

  0x000002cbc1ed90dc: ;   {internal_word}
  0x000002cbc1ed90dc: 49ba c990 | edc1 cb02 | 0000 4d89 | 9760 0400 

  0x000002cbc1ed90ec: ;   {runtime_call SafepointBlob}
  0x000002cbc1ed90ec: 00e9 0ec6 | beff 498b | 87f8 0400 | 0049 c787 | f804 0000 | 0000 0000 | 49c7 8700 | 0500 0000 
  0x000002cbc1ed910c: 0000 0048 | 83c4 305d 

  0x000002cbc1ed9114: ;   {runtime_call unwind_exception Runtime1 stub}
  0x000002cbc1ed9114: e9e7 65c9 | fff4 f4f4 | f4f4 f4f4 
[Stub Code]
  0x000002cbc1ed9120: ;   {no_reloc}
  0x000002cbc1ed9120: 0f1f 4400 

  0x000002cbc1ed9124: ;   {static_stub}
  0x000002cbc1ed9124: 0048 bb00 | 0000 0000 

  0x000002cbc1ed912c: ;   {runtime_call}
  0x000002cbc1ed912c: 0000 00e9 | fbff ffff 

  0x000002cbc1ed9134: ;   {static_stub}
  0x000002cbc1ed9134: 9048 bb00 | 0000 0000 

  0x000002cbc1ed913c: ;   {runtime_call}
  0x000002cbc1ed913c: 0000 00e9 | fbff ffff 
[Exception Handler]
  0x000002cbc1ed9144: ;   {runtime_call handle_exception_from_callee Runtime1 stub}
  0x000002cbc1ed9144: e8b7 92c9 

  0x000002cbc1ed9148: ;   {external_word}
  0x000002cbc1ed9148: ff48 b9a0 | 4660 1cfc | 7f00 0048 

  0x000002cbc1ed9154: ;   {runtime_call}
  0x000002cbc1ed9154: 83e4 f048 | b8b0 2828 | 1cfc 7f00 | 00ff d0f4 
[Deopt Handler Code]
  0x000002cbc1ed9164: ;   {section_word}
  0x000002cbc1ed9164: 49ba 6491 | edc1 cb02 | 0000 4152 

  0x000002cbc1ed9170: ;   {runtime_call DeoptimizationBlob}
  0x000002cbc1ed9170: e92b b8be | fff4 f4f4 
[/MachCode]


Compiled method (c1)    2500 1963       1       java.util.stream.AbstractPipeline::copyIntoWithCancel (46 bytes)
 total in heap  [0x000002cbc1f19c90,0x000002cbc1f1a128] = 1176
 relocation     [0x000002cbc1f19df0,0x000002cbc1f19e60] = 112
 main code      [0x000002cbc1f19e60,0x000002cbc1f19fa8] = 328
 stub code      [0x000002cbc1f19fa8,0x000002cbc1f1a020] = 120
 metadata       [0x000002cbc1f1a020,0x000002cbc1f1a028] = 8
 scopes data    [0x000002cbc1f1a028,0x000002cbc1f1a090] = 104
 scopes pcs     [0x000002cbc1f1a090,0x000002cbc1f1a110] = 128
 dependencies   [0x000002cbc1f1a110,0x000002cbc1f1a118] = 8
 nul chk table  [0x000002cbc1f1a118,0x000002cbc1f1a128] = 16

[Constant Pool (empty)]

[MachCode]
[Entry Point]
  # {method} {0x000002cbca0e65c8} 'copyIntoWithCancel' '(Ljava/util/stream/Sink;Ljava/util/Spliterator;)Z' in 'java/util/stream/AbstractPipeline'
  # this:     rdx:rdx   = 'java/util/stream/AbstractPipeline'
  # parm0:    r8:r8     = 'java/util/stream/Sink'
  # parm1:    r9:r9     = 'java/util/Spliterator'
  #           [sp+0x60]  (sp of caller)
  0x000002cbc1f19e60: 448b 5208 | 49bb 0000 | 00ca cb02 | 0000 4d03 | d34c 3bd0 

  0x000002cbc1f19e74: ;   {runtime_call ic_miss_stub}
  0x000002cbc1f19e74: 0f85 0649 | baff 660f | 1f44 0000 
[Verified Entry Point]
  0x000002cbc1f19e80: 8984 2400 | 80ff ff55 | 4883 ec50 | 4181 7f20 | 0100 0000 

  0x000002cbc1f19e94: ;   {runtime_call StubRoutines (final stubs)}
  0x000002cbc1f19e94: 7405 e8c5 | aeb8 ffe9 | 0d00 0000 | 8b52 204d | 8b97 5004 

  0x000002cbc1f19ea8: ; ImmutableOopMap {r8=Oop r9=Oop rdx=Oop }
                      ;*goto {reexecute=1 rethrow=0 return_oop=0}
                      ; - (reexecute) java.util.stream.AbstractPipeline::copyIntoWithCancel@14 (line 523)
                      ;   {poll}
  0x000002cbc1f19ea8: 0000 4185 | 028b 7210 | 85f6 7fec | 4889 5424 | 304c 8944 | 2420 498b | d14c 894c | 2428 0f1f 
  0x000002cbc1f19ec8: 8000 0000 | 0048 b868 | d10e cacb 

  0x000002cbc1f19ed4: ;   {virtual_call}
  0x000002cbc1f19ed4: 0200 00e8 

  0x000002cbc1f19ed8: ; ImmutableOopMap {[32]=Oop [40]=Oop [48]=Oop }
                      ;*invokeinterface getExactSizeIfKnown {reexecute=0 rethrow=0 return_oop=0}
                      ; - java.util.stream.AbstractPipeline::copyIntoWithCancel@19 (line 526)
  0x000002cbc1f19ed8: 443d baff 

  0x000002cbc1f19edc: ;   {other}
  0x000002cbc1f19edc: 0f1f 8400 | 4c02 0001 | 4c8b c048 | 8b54 2420 | 9048 b8ff | ffff ffff 

  0x000002cbc1f19ef4: ;   {virtual_call}
  0x000002cbc1f19ef4: ffff ffe8 

  0x000002cbc1f19ef8: ; ImmutableOopMap {[32]=Oop [40]=Oop [48]=Oop }
                      ;*invokeinterface begin {reexecute=0 rethrow=0 return_oop=0}
                      ; - java.util.stream.AbstractPipeline::copyIntoWithCancel@24 (line 526)
  0x000002cbc1f19ef8: 643d baff 

  0x000002cbc1f19efc: ;   {other}
  0x000002cbc1f19efc: 0f1f 8400 | 6c02 0002 | 4c8b 4424 | 284c 8b4c | 2420 488b | 5424 3066 | 9048 b8ff | ffff ffff 
  0x000002cbc1f19f1c: ;   {virtual_call}
  0x000002cbc1f19f1c: ffff ffe8 

  0x000002cbc1f19f20: ; ImmutableOopMap {[32]=Oop }
                      ;*invokevirtual forEachWithCancel {reexecute=0 rethrow=0 return_oop=0}
                      ; - java.util.stream.AbstractPipeline::copyIntoWithCancel@32 (line 527)
  0x000002cbc1f19f20: fc3b baff 

  0x000002cbc1f19f24: ;   {other}
  0x000002cbc1f19f24: 0f1f 8400 | 9402 0003 | 488b 5424 | 2089 4424 | 3848 b8e0 | e814 cbcb 

  0x000002cbc1f19f3c: ;   {virtual_call}
  0x000002cbc1f19f3c: 0200 00e8 

  0x000002cbc1f19f40: ; ImmutableOopMap {}
                      ;*invokeinterface end {reexecute=0 rethrow=0 return_oop=0}
                      ; - java.util.stream.AbstractPipeline::copyIntoWithCancel@38 (line 528)
  0x000002cbc1f19f40: dc14 0100 

  0x000002cbc1f19f44: ;   {other}
  0x000002cbc1f19f44: 0f1f 8400 | b402 0004 | 8b44 2438 | 83e0 0148 | 83c4 505d 

  0x000002cbc1f19f58: ;   {poll_return}
  0x000002cbc1f19f58: 493b a748 | 0400 000f | 8706 0000 

  0x000002cbc1f19f64: ;   {runtime_call throw_null_pointer_exception Runtime1 stub}
  0x000002cbc1f19f64: 00c3 e895 

  0x000002cbc1f19f68: ; ImmutableOopMap {r8=Oop r9=Oop rdx=Oop }
                      ;*getfield depth {reexecute=1 rethrow=0 return_oop=0}
                      ; - (reexecute) java.util.stream.AbstractPipeline::copyIntoWithCancel@3 (line 522)
                      ;   {internal_word}
  0x000002cbc1f19f68: 66c5 ff49 | ba58 9ff1 | c1cb 0200 | 004d 8997 | 6004 0000 

  0x000002cbc1f19f7c: ;   {runtime_call SafepointBlob}
  0x000002cbc1f19f7c: e97f b7ba | ff49 8b87 | f804 0000 | 49c7 87f8 | 0400 0000 | 0000 0049 | c787 0005 | 0000 0000 
  0x000002cbc1f19f9c: 0000 4883 

  0x000002cbc1f19fa0: ;   {runtime_call unwind_exception Runtime1 stub}
  0x000002cbc1f19fa0: c450 5de9 | 5857 c5ff 
[Stub Code]
  0x000002cbc1f19fa8: ;   {no_reloc}
  0x000002cbc1f19fa8: 0f1f 4400 

  0x000002cbc1f19fac: ;   {static_stub}
  0x000002cbc1f19fac: 0048 bb00 | 0000 0000 

  0x000002cbc1f19fb4: ;   {runtime_call}
  0x000002cbc1f19fb4: 0000 00e9 | fbff ffff 

  0x000002cbc1f19fbc: ;   {static_stub}
  0x000002cbc1f19fbc: 9048 bb00 | 0000 0000 

  0x000002cbc1f19fc4: ;   {runtime_call}
  0x000002cbc1f19fc4: 0000 00e9 | fbff ffff 

  0x000002cbc1f19fcc: ;   {static_stub}
  0x000002cbc1f19fcc: 9048 bb00 | 0000 0000 

  0x000002cbc1f19fd4: ;   {runtime_call}
  0x000002cbc1f19fd4: 0000 00e9 | fbff ffff 

  0x000002cbc1f19fdc: ;   {static_stub}
  0x000002cbc1f19fdc: 9048 bb00 | 0000 0000 

  0x000002cbc1f19fe4: ;   {runtime_call}
  0x000002cbc1f19fe4: 0000 00e9 | fbff ffff 
[Exception Handler]
  0x000002cbc1f19fec: ;   {runtime_call handle_exception_from_callee Runtime1 stub}
  0x000002cbc1f19fec: e80f 84c5 

  0x000002cbc1f19ff0: ;   {external_word}
  0x000002cbc1f19ff0: ff48 b9a0 | 4660 1cfc | 7f00 0048 

  0x000002cbc1f19ffc: ;   {runtime_call}
  0x000002cbc1f19ffc: 83e4 f048 | b8b0 2828 | 1cfc 7f00 | 00ff d0f4 
[Deopt Handler Code]
  0x000002cbc1f1a00c: ;   {section_word}
  0x000002cbc1f1a00c: 49ba 0ca0 | f1c1 cb02 | 0000 4152 

  0x000002cbc1f1a018: ;   {runtime_call DeoptimizationBlob}
  0x000002cbc1f1a018: e983 a9ba | fff4 f4f4 
[/MachCode]


---------------  P R O C E S S  ---------------

Threads class SMR info:
_java_thread_list=0x000002cc0f168dd0, length=13, elements={
0x000002cbb73f0640, 0x000002cbc92d44d0, 0x000002cbc92d52e0, 0x000002cbc92db0c0,
0x000002cbc92ddc90, 0x000002cbc92de6e0, 0x000002cbc92e7140, 0x000002cbc92e9cd0,
0x000002cbc92ab7a0, 0x000002cbc9473cb0, 0x000002cbc984c960, 0x000002cbc984cfc0,
0x000002cc0f2cf750
}

Java Threads: ( => current thread )
=>0x000002cbb73f0640 JavaThread "main"                              [_thread_in_vm, id=25956, stack(0x000000fd68600000,0x000000fd68700000) (1024K)]
  0x000002cbc92d44d0 JavaThread "Reference Handler"          daemon [_thread_blocked, id=45032, stack(0x000000fd68e00000,0x000000fd68f00000) (1024K)]
  0x000002cbc92d52e0 JavaThread "Finalizer"                  daemon [_thread_blocked, id=67332, stack(0x000000fd68f00000,0x000000fd69000000) (1024K)]
  0x000002cbc92db0c0 JavaThread "Signal Dispatcher"          daemon [_thread_blocked, id=36020, stack(0x000000fd69000000,0x000000fd69100000) (1024K)]
  0x000002cbc92ddc90 JavaThread "Attach Listener"            daemon [_thread_blocked, id=37272, stack(0x000000fd69100000,0x000000fd69200000) (1024K)]
  0x000002cbc92de6e0 JavaThread "Service Thread"             daemon [_thread_blocked, id=41272, stack(0x000000fd69200000,0x000000fd69300000) (1024K)]
  0x000002cbc92e7140 JavaThread "Monitor Deflation Thread"   daemon [_thread_blocked, id=12608, stack(0x000000fd69300000,0x000000fd69400000) (1024K)]
  0x000002cbc92e9cd0 JavaThread "C1 CompilerThread0"         daemon [_thread_blocked, id=52656, stack(0x000000fd69400000,0x000000fd69500000) (1024K)]
  0x000002cbc92ab7a0 JavaThread "Common-Cleaner"             daemon [_thread_blocked, id=46568, stack(0x000000fd69500000,0x000000fd69600000) (1024K)]
  0x000002cbc9473cb0 JavaThread "C1 CompilerThread1"         daemon [_thread_blocked, id=15756, stack(0x000000fd69600000,0x000000fd69700000) (1024K)]
  0x000002cbc984c960 JavaThread "Monitor Ctrl-Break"         daemon [_thread_in_native, id=59448, stack(0x000000fd69700000,0x000000fd69800000) (1024K)]
  0x000002cbc984cfc0 JavaThread "Notification Thread"        daemon [_thread_blocked, id=24376, stack(0x000000fd69800000,0x000000fd69900000) (1024K)]
  0x000002cc0f2cf750 JavaThread "RMI TCP Accept-0"           daemon [_thread_in_native, id=40148, stack(0x000000fd69900000,0x000000fd69a00000) (1024K)]
Total: 13

Other Threads:
  0x000002cbc92c0680 VMThread "VM Thread"                           [id=40304, stack(0x000000fd68d00000,0x000000fd68e00000) (1024K)]
  0x000002cbc92aa960 WatcherThread "VM Periodic Task Thread"        [id=17620, stack(0x000000fd68c00000,0x000000fd68d00000) (1024K)]
  0x000002cbb9646a50 WorkerThread "GC Thread#0"                     [id=57940, stack(0x000000fd68700000,0x000000fd68800000) (1024K)]
  0x000002cc0f419fd0 WorkerThread "GC Thread#1"                     [id=39568, stack(0x000000fd69a00000,0x000000fd69b00000) (1024K)]
  0x000002cc0f42b980 WorkerThread "GC Thread#2"                     [id=27740, stack(0x000000fd69b00000,0x000000fd69c00000) (1024K)]
  0x000002cc0f670420 WorkerThread "GC Thread#3"                     [id=64264, stack(0x000000fd69c00000,0x000000fd69d00000) (1024K)]
  0x000002cc0f6707c0 WorkerThread "GC Thread#4"                     [id=58280, stack(0x000000fd69d00000,0x000000fd69e00000) (1024K)]
  0x000002cc0f670b60 WorkerThread "GC Thread#5"                     [id=54020, stack(0x000000fd69e00000,0x000000fd69f00000) (1024K)]
  0x000002cc0f670f00 WorkerThread "GC Thread#6"                     [id=16000, stack(0x000000fd69f00000,0x000000fd6a000000) (1024K)]
  0x000002cbb9653480 ConcurrentGCThread "G1 Main Marker"            [id=24380, stack(0x000000fd68800000,0x000000fd68900000) (1024K)]
  0x000002cbb9653e90 WorkerThread "G1 Conc#0"                       [id=37420, stack(0x000000fd68900000,0x000000fd68a00000) (1024K)]
  0x000002cbb96aeaa0 ConcurrentGCThread "G1 Refine#0"               [id=16416, stack(0x000000fd68a00000,0x000000fd68b00000) (1024K)]
  0x000002cbc917f690 ConcurrentGCThread "G1 Service"                [id=20192, stack(0x000000fd68b00000,0x000000fd68c00000) (1024K)]
Total: 13

Threads with active compile tasks:
Total: 0

VM state: not at safepoint (normal execution)

VM Mutex/Monitor currently owned by a thread:  ([mutex/lock_event])
[0x00007ffc1c89be18] Metaspace_lock - owner thread: 0x000002cbb73f0640
[0x00007ffc1c89cb98] MultiArray_lock - owner thread: 0x000002cbb73f0640

Heap address: 0x00000000a2600000, size: 1498 MB, Compressed Oops mode: 32-bit

CDS archive(s) mapped at: [0x000002cbca000000-0x000002cbcac90000-0x000002cbcac90000), size 13172736, SharedBaseAddress: 0x000002cbca000000, ArchiveRelocationMode: 1.
Compressed class space mapped at: 0x000002cbcb000000-0x000002cc0b000000, reserved size: 1073741824
Narrow klass base: 0x000002cbca000000, Narrow klass shift: 0, Narrow klass range: 0x100000000

GC Precious Log:
 CardTable entry size: 512
 Card Set container configuration: InlinePtr #cards 5 size 8 Array Of Cards #cards 12 size 40 Howl #buckets 4 coarsen threshold 1843 Howl Bitmap #cards 512 size 80 coarsen threshold 460 Card regions per heap region 1 cards per card region 2048
 CPUs: 8 total, 8 available
 Memory: 5989M
 Large Page Support: Disabled
 NUMA Support: Disabled
 Compressed Oops: Enabled (32-bit)
 Heap Region Size: 1M
 Heap Min Capacity: 8M
 Heap Initial Capacity: 94M
 Heap Max Capacity: 1498M
 Pre-touch: Disabled
 Parallel Workers: 8
 Concurrent Workers: 2
 Concurrent Refinement Workers: 8
 Periodic GC: Disabled

Heap:
 garbage-first heap   total 96256K, used 39200K [0x00000000a2600000, 0x0000000100000000)
  region size 1024K, 31 young (31744K), 3 survivors (3072K)
 Metaspace       used 11612K, committed 11904K, reserved 1114112K
  class space    used 1463K, committed 1600K, reserved 1048576K

Heap Regions: E=young(eden), S=young(survivor), O=old, HS=humongous(starts), HC=humongous(continues), CS=collection set, F=free, TAMS=top-at-mark-start, PB=parsable bottom
|   0|0x00000000a2600000, 0x00000000a2700000, 0x00000000a2700000|100%|HS|  |TAMS 0x00000000a2600000| PB 0x00000000a2600000| Complete 
|   1|0x00000000a2700000, 0x00000000a2800000, 0x00000000a2800000|100%|HS|  |TAMS 0x00000000a2700000| PB 0x00000000a2700000| Complete 
|   2|0x00000000a2800000, 0x00000000a2900000, 0x00000000a2900000|100%|HS|  |TAMS 0x00000000a2800000| PB 0x00000000a2800000| Complete 
|   3|0x00000000a2900000, 0x00000000a2a00000, 0x00000000a2a00000|100%| O|  |TAMS 0x00000000a2900000| PB 0x00000000a2900000| Untracked 
|   4|0x00000000a2a00000, 0x00000000a2b00000, 0x00000000a2b00000|100%| O|  |TAMS 0x00000000a2a00000| PB 0x00000000a2a00000| Untracked 
|   5|0x00000000a2b00000, 0x00000000a2c00000, 0x00000000a2c00000|100%| O|  |TAMS 0x00000000a2b00000| PB 0x00000000a2b00000| Untracked 
|   6|0x00000000a2c00000, 0x00000000a2c48000, 0x00000000a2d00000| 28%| O|  |TAMS 0x00000000a2c00000| PB 0x00000000a2c00000| Untracked 
|   7|0x00000000a2d00000, 0x00000000a2e00000, 0x00000000a2e00000|100%|HS|  |TAMS 0x00000000a2d00000| PB 0x00000000a2d00000| Complete 
|   8|0x00000000a2e00000, 0x00000000a2f00000, 0x00000000a2f00000|100%|HS|  |TAMS 0x00000000a2e00000| PB 0x00000000a2e00000| Complete 
|   9|0x00000000a2f00000, 0x00000000a2f00000, 0x00000000a3000000|  0%| F|  |TAMS 0x00000000a2f00000| PB 0x00000000a2f00000| Untracked 
|  10|0x00000000a3000000, 0x00000000a3000000, 0x00000000a3100000|  0%| F|  |TAMS 0x00000000a3000000| PB 0x00000000a3000000| Untracked 
|  11|0x00000000a3100000, 0x00000000a3100000, 0x00000000a3200000|  0%| F|  |TAMS 0x00000000a3100000| PB 0x00000000a3100000| Untracked 
|  12|0x00000000a3200000, 0x00000000a3200000, 0x00000000a3300000|  0%| F|  |TAMS 0x00000000a3200000| PB 0x00000000a3200000| Untracked 
|  13|0x00000000a3300000, 0x00000000a3300000, 0x00000000a3400000|  0%| F|  |TAMS 0x00000000a3300000| PB 0x00000000a3300000| Untracked 
|  14|0x00000000a3400000, 0x00000000a3400000, 0x00000000a3500000|  0%| F|  |TAMS 0x00000000a3400000| PB 0x00000000a3400000| Untracked 
|  15|0x00000000a3500000, 0x00000000a3500000, 0x00000000a3600000|  0%| F|  |TAMS 0x00000000a3500000| PB 0x00000000a3500000| Untracked 
|  16|0x00000000a3600000, 0x00000000a3600000, 0x00000000a3700000|  0%| F|  |TAMS 0x00000000a3600000| PB 0x00000000a3600000| Untracked 
|  17|0x00000000a3700000, 0x00000000a3700000, 0x00000000a3800000|  0%| F|  |TAMS 0x00000000a3700000| PB 0x00000000a3700000| Untracked 
|  18|0x00000000a3800000, 0x00000000a3800000, 0x00000000a3900000|  0%| F|  |TAMS 0x00000000a3800000| PB 0x00000000a3800000| Untracked 
|  19|0x00000000a3900000, 0x00000000a3900000, 0x00000000a3a00000|  0%| F|  |TAMS 0x00000000a3900000| PB 0x00000000a3900000| Untracked 
|  20|0x00000000a3a00000, 0x00000000a3a00000, 0x00000000a3b00000|  0%| F|  |TAMS 0x00000000a3a00000| PB 0x00000000a3a00000| Untracked 
|  21|0x00000000a3b00000, 0x00000000a3b00000, 0x00000000a3c00000|  0%| F|  |TAMS 0x00000000a3b00000| PB 0x00000000a3b00000| Untracked 
|  22|0x00000000a3c00000, 0x00000000a3c00000, 0x00000000a3d00000|  0%| F|  |TAMS 0x00000000a3c00000| PB 0x00000000a3c00000| Untracked 
|  23|0x00000000a3d00000, 0x00000000a3d00000, 0x00000000a3e00000|  0%| F|  |TAMS 0x00000000a3d00000| PB 0x00000000a3d00000| Untracked 
|  24|0x00000000a3e00000, 0x00000000a3e00000, 0x00000000a3f00000|  0%| F|  |TAMS 0x00000000a3e00000| PB 0x00000000a3e00000| Untracked 
|  25|0x00000000a3f00000, 0x00000000a3f00000, 0x00000000a4000000|  0%| F|  |TAMS 0x00000000a3f00000| PB 0x00000000a3f00000| Untracked 
|  26|0x00000000a4000000, 0x00000000a4000000, 0x00000000a4100000|  0%| F|  |TAMS 0x00000000a4000000| PB 0x00000000a4000000| Untracked 
|  27|0x00000000a4100000, 0x00000000a4100000, 0x00000000a4200000|  0%| F|  |TAMS 0x00000000a4100000| PB 0x00000000a4100000| Untracked 
|  28|0x00000000a4200000, 0x00000000a4200000, 0x00000000a4300000|  0%| F|  |TAMS 0x00000000a4200000| PB 0x00000000a4200000| Untracked 
|  29|0x00000000a4300000, 0x00000000a4300000, 0x00000000a4400000|  0%| F|  |TAMS 0x00000000a4300000| PB 0x00000000a4300000| Untracked 
|  30|0x00000000a4400000, 0x00000000a4400000, 0x00000000a4500000|  0%| F|  |TAMS 0x00000000a4400000| PB 0x00000000a4400000| Untracked 
|  31|0x00000000a4500000, 0x00000000a4500000, 0x00000000a4600000|  0%| F|  |TAMS 0x00000000a4500000| PB 0x00000000a4500000| Untracked 
|  32|0x00000000a4600000, 0x00000000a4600000, 0x00000000a4700000|  0%| F|  |TAMS 0x00000000a4600000| PB 0x00000000a4600000| Untracked 
|  33|0x00000000a4700000, 0x00000000a4700000, 0x00000000a4800000|  0%| F|  |TAMS 0x00000000a4700000| PB 0x00000000a4700000| Untracked 
|  34|0x00000000a4800000, 0x00000000a4800000, 0x00000000a4900000|  0%| F|  |TAMS 0x00000000a4800000| PB 0x00000000a4800000| Untracked 
|  35|0x00000000a4900000, 0x00000000a4900000, 0x00000000a4a00000|  0%| F|  |TAMS 0x00000000a4900000| PB 0x00000000a4900000| Untracked 
|  36|0x00000000a4a00000, 0x00000000a4a00000, 0x00000000a4b00000|  0%| F|  |TAMS 0x00000000a4a00000| PB 0x00000000a4a00000| Untracked 
|  37|0x00000000a4b00000, 0x00000000a4b00000, 0x00000000a4c00000|  0%| F|  |TAMS 0x00000000a4b00000| PB 0x00000000a4b00000| Untracked 
|  38|0x00000000a4c00000, 0x00000000a4c00000, 0x00000000a4d00000|  0%| F|  |TAMS 0x00000000a4c00000| PB 0x00000000a4c00000| Untracked 
|  39|0x00000000a4d00000, 0x00000000a4d00000, 0x00000000a4e00000|  0%| F|  |TAMS 0x00000000a4d00000| PB 0x00000000a4d00000| Untracked 
|  40|0x00000000a4e00000, 0x00000000a4e00000, 0x00000000a4f00000|  0%| F|  |TAMS 0x00000000a4e00000| PB 0x00000000a4e00000| Untracked 
|  41|0x00000000a4f00000, 0x00000000a4f00000, 0x00000000a5000000|  0%| F|  |TAMS 0x00000000a4f00000| PB 0x00000000a4f00000| Untracked 
|  42|0x00000000a5000000, 0x00000000a5000000, 0x00000000a5100000|  0%| F|  |TAMS 0x00000000a5000000| PB 0x00000000a5000000| Untracked 
|  43|0x00000000a5100000, 0x00000000a5100000, 0x00000000a5200000|  0%| F|  |TAMS 0x00000000a5100000| PB 0x00000000a5100000| Untracked 
|  44|0x00000000a5200000, 0x00000000a5200000, 0x00000000a5300000|  0%| F|  |TAMS 0x00000000a5200000| PB 0x00000000a5200000| Untracked 
|  45|0x00000000a5300000, 0x00000000a5300000, 0x00000000a5400000|  0%| F|  |TAMS 0x00000000a5300000| PB 0x00000000a5300000| Untracked 
|  46|0x00000000a5400000, 0x00000000a5400000, 0x00000000a5500000|  0%| F|  |TAMS 0x00000000a5400000| PB 0x00000000a5400000| Untracked 
|  47|0x00000000a5500000, 0x00000000a5500000, 0x00000000a5600000|  0%| F|  |TAMS 0x00000000a5500000| PB 0x00000000a5500000| Untracked 
|  48|0x00000000a5600000, 0x00000000a5600000, 0x00000000a5700000|  0%| F|  |TAMS 0x00000000a5600000| PB 0x00000000a5600000| Untracked 
|  49|0x00000000a5700000, 0x00000000a5700000, 0x00000000a5800000|  0%| F|  |TAMS 0x00000000a5700000| PB 0x00000000a5700000| Untracked 
|  50|0x00000000a5800000, 0x00000000a5800000, 0x00000000a5900000|  0%| F|  |TAMS 0x00000000a5800000| PB 0x00000000a5800000| Untracked 
|  51|0x00000000a5900000, 0x00000000a5900000, 0x00000000a5a00000|  0%| F|  |TAMS 0x00000000a5900000| PB 0x00000000a5900000| Untracked 
|  52|0x00000000a5a00000, 0x00000000a5a00000, 0x00000000a5b00000|  0%| F|  |TAMS 0x00000000a5a00000| PB 0x00000000a5a00000| Untracked 
|  53|0x00000000a5b00000, 0x00000000a5b00000, 0x00000000a5c00000|  0%| F|  |TAMS 0x00000000a5b00000| PB 0x00000000a5b00000| Untracked 
|  54|0x00000000a5c00000, 0x00000000a5c00000, 0x00000000a5d00000|  0%| F|  |TAMS 0x00000000a5c00000| PB 0x00000000a5c00000| Untracked 
|  55|0x00000000a5d00000, 0x00000000a5d00000, 0x00000000a5e00000|  0%| F|  |TAMS 0x00000000a5d00000| PB 0x00000000a5d00000| Untracked 
|  56|0x00000000a5e00000, 0x00000000a5e00000, 0x00000000a5f00000|  0%| F|  |TAMS 0x00000000a5e00000| PB 0x00000000a5e00000| Untracked 
|  57|0x00000000a5f00000, 0x00000000a5f00000, 0x00000000a6000000|  0%| F|  |TAMS 0x00000000a5f00000| PB 0x00000000a5f00000| Untracked 
|  58|0x00000000a6000000, 0x00000000a6000000, 0x00000000a6100000|  0%| F|  |TAMS 0x00000000a6000000| PB 0x00000000a6000000| Untracked 
|  59|0x00000000a6100000, 0x00000000a6100000, 0x00000000a6200000|  0%| F|  |TAMS 0x00000000a6100000| PB 0x00000000a6100000| Untracked 
|  60|0x00000000a6200000, 0x00000000a6200000, 0x00000000a6300000|  0%| F|  |TAMS 0x00000000a6200000| PB 0x00000000a6200000| Untracked 
|  61|0x00000000a6300000, 0x00000000a6300000, 0x00000000a6400000|  0%| F|  |TAMS 0x00000000a6300000| PB 0x00000000a6300000| Untracked 
|  62|0x00000000a6400000, 0x00000000a6400000, 0x00000000a6500000|  0%| F|  |TAMS 0x00000000a6400000| PB 0x00000000a6400000| Untracked 
|  63|0x00000000a6500000, 0x00000000a6566058, 0x00000000a6600000| 39%| E|  |TAMS 0x00000000a6500000| PB 0x00000000a6500000| Complete 
|  64|0x00000000a6600000, 0x00000000a6700000, 0x00000000a6700000|100%| E|CS|TAMS 0x00000000a6600000| PB 0x00000000a6600000| Complete 
|  65|0x00000000a6700000, 0x00000000a6800000, 0x00000000a6800000|100%| E|CS|TAMS 0x00000000a6700000| PB 0x00000000a6700000| Complete 
|  66|0x00000000a6800000, 0x00000000a6900000, 0x00000000a6900000|100%| E|CS|TAMS 0x00000000a6800000| PB 0x00000000a6800000| Complete 
|  67|0x00000000a6900000, 0x00000000a6a00000, 0x00000000a6a00000|100%| E|CS|TAMS 0x00000000a6900000| PB 0x00000000a6900000| Complete 
|  68|0x00000000a6a00000, 0x00000000a6b00000, 0x00000000a6b00000|100%| S|CS|TAMS 0x00000000a6a00000| PB 0x00000000a6a00000| Complete 
|  69|0x00000000a6b00000, 0x00000000a6c00000, 0x00000000a6c00000|100%| S|CS|TAMS 0x00000000a6b00000| PB 0x00000000a6b00000| Complete 
|  70|0x00000000a6c00000, 0x00000000a6d00000, 0x00000000a6d00000|100%| S|CS|TAMS 0x00000000a6c00000| PB 0x00000000a6c00000| Complete 
|  71|0x00000000a6d00000, 0x00000000a6e00000, 0x00000000a6e00000|100%| E|CS|TAMS 0x00000000a6d00000| PB 0x00000000a6d00000| Complete 
|  72|0x00000000a6e00000, 0x00000000a6f00000, 0x00000000a6f00000|100%| E|CS|TAMS 0x00000000a6e00000| PB 0x00000000a6e00000| Complete 
|  73|0x00000000a6f00000, 0x00000000a7000000, 0x00000000a7000000|100%| E|CS|TAMS 0x00000000a6f00000| PB 0x00000000a6f00000| Complete 
|  74|0x00000000a7000000, 0x00000000a7100000, 0x00000000a7100000|100%| E|CS|TAMS 0x00000000a7000000| PB 0x00000000a7000000| Complete 
|  75|0x00000000a7100000, 0x00000000a7200000, 0x00000000a7200000|100%| E|CS|TAMS 0x00000000a7100000| PB 0x00000000a7100000| Complete 
|  76|0x00000000a7200000, 0x00000000a7300000, 0x00000000a7300000|100%| E|CS|TAMS 0x00000000a7200000| PB 0x00000000a7200000| Complete 
|  77|0x00000000a7300000, 0x00000000a7400000, 0x00000000a7400000|100%| E|CS|TAMS 0x00000000a7300000| PB 0x00000000a7300000| Complete 
|  78|0x00000000a7400000, 0x00000000a7500000, 0x00000000a7500000|100%| E|CS|TAMS 0x00000000a7400000| PB 0x00000000a7400000| Complete 
|  79|0x00000000a7500000, 0x00000000a7600000, 0x00000000a7600000|100%| E|CS|TAMS 0x00000000a7500000| PB 0x00000000a7500000| Complete 
|  80|0x00000000a7600000, 0x00000000a7700000, 0x00000000a7700000|100%| E|CS|TAMS 0x00000000a7600000| PB 0x00000000a7600000| Complete 
|  81|0x00000000a7700000, 0x00000000a7800000, 0x00000000a7800000|100%| E|CS|TAMS 0x00000000a7700000| PB 0x00000000a7700000| Complete 
|  82|0x00000000a7800000, 0x00000000a7900000, 0x00000000a7900000|100%| E|CS|TAMS 0x00000000a7800000| PB 0x00000000a7800000| Complete 
|  83|0x00000000a7900000, 0x00000000a7a00000, 0x00000000a7a00000|100%| E|CS|TAMS 0x00000000a7900000| PB 0x00000000a7900000| Complete 
|  84|0x00000000a7a00000, 0x00000000a7b00000, 0x00000000a7b00000|100%| E|CS|TAMS 0x00000000a7a00000| PB 0x00000000a7a00000| Complete 
|  85|0x00000000a7b00000, 0x00000000a7c00000, 0x00000000a7c00000|100%| E|CS|TAMS 0x00000000a7b00000| PB 0x00000000a7b00000| Complete 
|  86|0x00000000a7c00000, 0x00000000a7d00000, 0x00000000a7d00000|100%| E|CS|TAMS 0x00000000a7c00000| PB 0x00000000a7c00000| Complete 
|  87|0x00000000a7d00000, 0x00000000a7e00000, 0x00000000a7e00000|100%| E|CS|TAMS 0x00000000a7d00000| PB 0x00000000a7d00000| Complete 
|  88|0x00000000a7e00000, 0x00000000a7f00000, 0x00000000a7f00000|100%| E|CS|TAMS 0x00000000a7e00000| PB 0x00000000a7e00000| Complete 
|  89|0x00000000a7f00000, 0x00000000a8000000, 0x00000000a8000000|100%| E|CS|TAMS 0x00000000a7f00000| PB 0x00000000a7f00000| Complete 
|  90|0x00000000a8000000, 0x00000000a8100000, 0x00000000a8100000|100%| E|CS|TAMS 0x00000000a8000000| PB 0x00000000a8000000| Complete 
|  91|0x00000000a8100000, 0x00000000a8200000, 0x00000000a8200000|100%| E|CS|TAMS 0x00000000a8100000| PB 0x00000000a8100000| Complete 
|  92|0x00000000a8200000, 0x00000000a8300000, 0x00000000a8300000|100%| E|CS|TAMS 0x00000000a8200000| PB 0x00000000a8200000| Complete 
|  93|0x00000000a8300000, 0x00000000a8400000, 0x00000000a8400000|100%| E|CS|TAMS 0x00000000a8300000| PB 0x00000000a8300000| Complete 

Card table byte_map: [0x000002cbc4e70000,0x000002cbc5160000] _byte_map_base: 0x000002cbc495d000

Marking Bits: (CMBitMap*) 0x000002cbb9647060
 Bits: [0x000002cbc5160000, 0x000002cbc68c8000)

Polling page: 0x000002cbb7540000

Metaspace:

Usage:
  Non-class:      9.91 MB used.
      Class:      1.43 MB used.
       Both:     11.34 MB used.

Virtual space:
  Non-class space:       64.00 MB reserved,      10.06 MB ( 16%) committed,  1 nodes.
      Class space:        1.00 GB reserved,       1.56 MB ( <1%) committed,  1 nodes.
             Both:        1.06 GB reserved,      11.62 MB (  1%) committed. 

Chunk freelists:
   Non-Class:  5.34 MB
       Class:  14.30 MB
        Both:  19.65 MB

MaxMetaspaceSize: unlimited
CompressedClassSpaceSize: 1.00 GB
Initial GC threshold: 21.00 MB
Current GC threshold: 21.00 MB
CDS: on
 - commit_granule_bytes: 65536.
 - commit_granule_words: 8192.
 - virtual_space_node_default_size: 8388608.
 - enlarge_chunks_in_place: 1.
 - use_allocation_guard: 0.


Internal statistics:

num_allocs_failed_limit: 0.
num_arena_births: 304.
num_arena_deaths: 0.
num_vsnodes_births: 2.
num_vsnodes_deaths: 0.
num_space_committed: 186.
num_space_uncommitted: 0.
num_chunks_returned_to_freelist: 0.
num_chunks_taken_from_freelist: 559.
num_chunk_merges: 0.
num_chunk_splits: 344.
num_chunks_enlarged: 216.
num_inconsistent_stats: 0.

CodeCache: size=49152Kb used=4965Kb max_used=4965Kb free=44186Kb
 bounds [0x000002cbc1a70000, 0x000002cbc1f50000, 0x000002cbc4a70000]
 total_blobs=2588 nmethods=2091 adapters=420
 compilation: enabled
              stopped_count=0, restarted_count=0
 full_count=0

Compilation events (20 events):
Event: 2.431 Thread 0x000002cbc92e9cd0 nmethod 2072 0x000002cbc1f3e510 code [0x000002cbc1f3e6e0, 0x000002cbc1f3e978]
Event: 2.431 Thread 0x000002cbc92e9cd0 2076       1       org.springframework.boot.context.properties.source.SoftReferenceConfigurationPropertyCache::getValue (8 bytes)
Event: 2.431 Thread 0x000002cbc92e9cd0 nmethod 2076 0x000002cbc1f3eb90 code [0x000002cbc1f3ed20, 0x000002cbc1f3ee40]
Event: 2.432 Thread 0x000002cbc9473cb0 nmethod 2075 0x000002cbc1f3ef10 code [0x000002cbc1f3f1a0, 0x000002cbc1f3fb08]
Event: 2.432 Thread 0x000002cbc92e9cd0 2077       1       java.lang.invoke.MethodHandleImpl::makePairwiseConvertByEditor (617 bytes)
Event: 2.434 Thread 0x000002cbc92e9cd0 nmethod 2077 0x000002cbc1f40390 code [0x000002cbc1f408c0, 0x000002cbc1f42480]
Event: 2.437 Thread 0x000002cbc9473cb0 2084       1       jdk.internal.org.objectweb.asm.MethodWriter::visitLdcInsn (215 bytes)
Event: 2.437 Thread 0x000002cbc92e9cd0 2085       1       jdk.internal.org.objectweb.asm.SymbolTable::addConstant (330 bytes)
Event: 2.437 Thread 0x000002cbc9473cb0 nmethod 2084 0x000002cbc1f44d10 code [0x000002cbc1f44f20, 0x000002cbc1f45358]
Event: 2.438 Thread 0x000002cbc92e9cd0 nmethod 2085 0x000002cbc1f45690 code [0x000002cbc1f45a40, 0x000002cbc1f46a10]
Event: 2.440 Thread 0x000002cbc9473cb0 2088       1       java.lang.invoke.LambdaForm::fixResult (31 bytes)
Event: 2.440 Thread 0x000002cbc92e9cd0 2087       1       java.lang.invoke.LambdaForm::create (95 bytes)
Event: 2.440 Thread 0x000002cbc9473cb0 nmethod 2088 0x000002cbc1f47110 code [0x000002cbc1f472a0, 0x000002cbc1f473b0]
Event: 2.440 Thread 0x000002cbc9473cb0 2089       1       java.lang.invoke.LambdaForm::<init> (53 bytes)
Event: 2.440 Thread 0x000002cbc92e9cd0 nmethod 2087 0x000002cbc1f47490 code [0x000002cbc1f47680, 0x000002cbc1f47960]
Event: 2.440 Thread 0x000002cbc92e9cd0 2090   !   1       java.lang.invoke.LambdaForm::compileToBytecode (164 bytes)
Event: 2.441 Thread 0x000002cbc9473cb0 nmethod 2089 0x000002cbc1f47b90 code [0x000002cbc1f47d40, 0x000002cbc1f47f68]
Event: 2.441 Thread 0x000002cbc9473cb0 2091       1       java.lang.Module::isExported (18 bytes)
Event: 2.441 Thread 0x000002cbc9473cb0 nmethod 2091 0x000002cbc1f48010 code [0x000002cbc1f481e0, 0x000002cbc1f48410]
Event: 2.441 Thread 0x000002cbc92e9cd0 nmethod 2090 0x000002cbc1f48510 code [0x000002cbc1f487a0, 0x000002cbc1f49040]

GC Heap History (2 events):
Event: 1.546 GC heap before
{Heap before GC invocations=0 (full 0):
 garbage-first heap   total 96256K, used 25600K [0x00000000a2600000, 0x0000000100000000)
  region size 1024K, 23 young (23552K), 0 survivors (0K)
 Metaspace       used 6774K, committed 6976K, reserved 1114112K
  class space    used 802K, committed 896K, reserved 1048576K
}
Event: 1.569 GC heap after
{Heap after GC invocations=1 (full 0):
 garbage-first heap   total 96256K, used 8480K [0x00000000a2600000, 0x0000000100000000)
  region size 1024K, 3 young (3072K), 3 survivors (3072K)
 Metaspace       used 6774K, committed 6976K, reserved 1114112K
  class space    used 802K, committed 896K, reserved 1048576K
}

Dll operation events (11 events):
Event: 0.017 Loaded shared library C:\Users\muhammad hanif\ProgramEnv\jdk-21_windows-x64_bin\jdk-21.0.6\bin\java.dll
Event: 0.204 Loaded shared library C:\Users\muhammad hanif\ProgramEnv\jdk-21_windows-x64_bin\jdk-21.0.6\bin\zip.dll
Event: 0.209 Loaded shared library C:\Users\muhammad hanif\ProgramEnv\jdk-21_windows-x64_bin\jdk-21.0.6\bin\instrument.dll
Event: 0.220 Loaded shared library C:\Users\muhammad hanif\ProgramEnv\jdk-21_windows-x64_bin\jdk-21.0.6\bin\net.dll
Event: 0.222 Loaded shared library C:\Users\muhammad hanif\ProgramEnv\jdk-21_windows-x64_bin\jdk-21.0.6\bin\nio.dll
Event: 0.227 Loaded shared library C:\Users\muhammad hanif\ProgramEnv\jdk-21_windows-x64_bin\jdk-21.0.6\bin\zip.dll
Event: 0.496 Loaded shared library C:\Program Files\JetBrains\IntelliJ IDEA 2024.3.2.2\bin\breakgen64.dll
Event: 0.507 Loaded shared library C:\Users\muhammad hanif\ProgramEnv\jdk-21_windows-x64_bin\jdk-21.0.6\bin\jimage.dll
Event: 0.524 Loaded shared library C:\Users\muhammad hanif\ProgramEnv\jdk-21_windows-x64_bin\jdk-21.0.6\bin\extnet.dll
Event: 0.585 Loaded shared library C:\Users\muhammad hanif\ProgramEnv\jdk-21_windows-x64_bin\jdk-21.0.6\bin\management.dll
Event: 0.618 Loaded shared library C:\Users\muhammad hanif\ProgramEnv\jdk-21_windows-x64_bin\jdk-21.0.6\bin\management_ext.dll

Deoptimization events (0 events):
No events

Classes loaded (20 events):
Event: 2.267 Loading class java/util/stream/StreamSpliterators
Event: 2.267 Loading class java/util/stream/StreamSpliterators done
Event: 2.267 Loading class java/util/function/BooleanSupplier
Event: 2.267 Loading class java/util/function/BooleanSupplier done
Event: 2.332 Loading class java/io/LineNumberReader
Event: 2.332 Loading class java/io/LineNumberReader done
Event: 2.333 Loading class sun/nio/cs/ISO_8859_1$Decoder
Event: 2.333 Loading class sun/nio/cs/ISO_8859_1$Decoder done
Event: 2.347 Loading class java/util/stream/MatchOps$1MatchSink
Event: 2.348 Loading class java/util/stream/MatchOps$1MatchSink done
Event: 2.353 Loading class java/lang/reflect/Executable$ParameterData
Event: 2.353 Loading class java/lang/reflect/Executable$ParameterData done
Event: 2.359 Loading class sun/reflect/generics/scope/ConstructorScope
Event: 2.359 Loading class sun/reflect/generics/scope/ConstructorScope done
Event: 2.442 Loading class java/beans/Introspector
Event: 2.443 Loading class java/beans/Introspector done
Event: 2.443 Loading class java/beans/EventSetDescriptor
Event: 2.443 Loading class java/beans/FeatureDescriptor
Event: 2.444 Loading class java/beans/FeatureDescriptor done
Event: 2.444 Loading class java/beans/EventSetDescriptor done

Classes unloaded (0 events):
No events

Classes redefined (0 events):
No events

Internal exceptions (20 events):
Event: 2.118 Thread 0x000002cbb73f0640 Exception <a 'java/lang/NoSuchMethodError'{0x00000000a70a4df8}: 'java.lang.Object java.lang.invoke.DirectMethodHandle$Holder.invokeStaticInit(java.lang.Object, long, java.lang.Object)'> (0x00000000a70a4df8) 
thrown [s\open\src\hotspot\share\interpreter\linkResolver.cpp, line 773]
Event: 2.120 Thread 0x000002cbb73f0640 Exception <a 'java/lang/NoSuchMethodError'{0x00000000a70aa2d0}: 'java.lang.Object java.lang.invoke.DirectMethodHandle$Holder.newInvokeSpecial(java.lang.Object, long)'> (0x00000000a70aa2d0) 
thrown [s\open\src\hotspot\share\interpreter\linkResolver.cpp, line 773]
Event: 2.159 Thread 0x000002cbb73f0640 Exception <a 'java/lang/NoSuchMethodError'{0x00000000a6f75c98}: 'int java.lang.invoke.DirectMethodHandle$Holder.invokeStatic(java.lang.Object, java.lang.Object, java.lang.Object, java.lang.Object)'> (0x00000000a6f75c98) 
thrown [s\open\src\hotspot\share\interpreter\linkResolver.cpp, line 773]
Event: 2.160 Thread 0x000002cbb73f0640 Exception <a 'java/lang/NoSuchMethodError'{0x00000000a6f79328}: 'java.lang.Object java.lang.invoke.Invokers$Holder.invokeExact_MT(java.lang.Object, java.lang.Object, java.lang.Object, java.lang.Object, java.lang.Object, java.lang.Object)'> (0x00000000a6f79328) 
thrown [s\open\src\hotspot\share\interpreter\linkResolver.cpp, line 773]
Event: 2.236 Thread 0x000002cbb73f0640 Exception <a 'java/lang/NoSuchMethodError'{0x00000000a6d71ce8}: 'java.lang.Object java.lang.invoke.DirectMethodHandle$Holder.newInvokeSpecial(java.lang.Object, java.lang.Object, java.lang.Object, java.lang.Object, java.lang.Object, java.lang.Object, java.lang.Object)'> (0x00000000a6d71ce8) 
thrown [s\open\src\hotspot\share\interpreter\linkResolver.cpp, line 773]
Event: 2.240 Thread 0x000002cbb73f0640 Exception <a 'java/lang/NoSuchMethodError'{0x00000000a6d8ff28}: 'void java.lang.invoke.DirectMethodHandle$Holder.invokeStaticInit(java.lang.Object, java.lang.Object)'> (0x00000000a6d8ff28) 
thrown [s\open\src\hotspot\share\interpreter\linkResolver.cpp, line 773]
Event: 2.269 Thread 0x000002cbb73f0640 Exception <a 'java/lang/NoSuchMethodError'{0x00000000a6934a08}: 'java.lang.Object java.lang.invoke.DirectMethodHandle$Holder.invokeSpecial(java.lang.Object, java.lang.Object, java.lang.Object, java.lang.Object, java.lang.Object, java.lang.Object, int)'> (0x00000000a6934a08) 
thrown [s\open\src\hotspot\share\interpreter\linkResolver.cpp, line 773]
Event: 2.270 Thread 0x000002cbb73f0640 Exception <a 'java/lang/NoSuchMethodError'{0x00000000a693df30}: 'java.lang.Object java.lang.invoke.DirectMethodHandle$Holder.newInvokeSpecial(java.lang.Object, java.lang.Object, java.lang.Object, java.lang.Object, java.lang.Object, java.lang.Object, int)'> (0x00000000a693df30) 
thrown [s\open\src\hotspot\share\interpreter\linkResolver.cpp, line 773]
Event: 2.270 Thread 0x000002cbb73f0640 Exception <a 'java/lang/NoSuchMethodError'{0x00000000a69424f0}: 'java.lang.Object java.lang.invoke.DirectMethodHandle$Holder.invokeSpecial(java.lang.Object, java.lang.Object, java.lang.Object, java.lang.Object, java.lang.Object, java.lang.Object, java.lang.Object, int)'> (0x00000000a69424f0) 
thrown [s\open\src\hotspot\share\interpreter\linkResolver.cpp, line 773]
Event: 2.321 Thread 0x000002cbb73f0640 Exception <a 'java/lang/NoSuchMethodError'{0x00000000a688afc0}: 'void java.lang.invoke.DirectMethodHandle$Holder.invokeSpecial(java.lang.Object, java.lang.Object, java.lang.Object, java.lang.Object, java.lang.Object)'> (0x00000000a688afc0) 
thrown [s\open\src\hotspot\share\interpreter\linkResolver.cpp, line 773]
Event: 2.338 Thread 0x000002cbb73f0640 Exception <a 'java/lang/NoSuchMethodError'{0x00000000a68dac98}: 'int java.lang.invoke.DirectMethodHandle$Holder.invokeVirtual(java.lang.Object, java.lang.Object)'> (0x00000000a68dac98) 
thrown [s\open\src\hotspot\share\interpreter\linkResolver.cpp, line 773]
Event: 2.368 Thread 0x000002cbb73f0640 Exception <a 'java/lang/NoSuchMethodError'{0x00000000a6782920}: 'java.lang.Object java.lang.invoke.DirectMethodHandle$Holder.invokeSpecial(java.lang.Object, java.lang.Object, java.lang.Object, int, java.lang.Object)'> (0x00000000a6782920) 
thrown [s\open\src\hotspot\share\interpreter\linkResolver.cpp, line 773]
Event: 2.369 Thread 0x000002cbb73f0640 Exception <a 'java/lang/NoSuchMethodError'{0x00000000a678a230}: 'java.lang.Object java.lang.invoke.DirectMethodHandle$Holder.newInvokeSpecial(java.lang.Object, java.lang.Object, java.lang.Object, int, java.lang.Object)'> (0x00000000a678a230) 
thrown [s\open\src\hotspot\share\interpreter\linkResolver.cpp, line 773]
Event: 2.370 Thread 0x000002cbb73f0640 Exception <a 'java/lang/NoSuchMethodError'{0x00000000a6791708}: 'java.lang.Object java.lang.invoke.Invokers$Holder.linkToTargetMethod(java.lang.Object, java.lang.Object, int, java.lang.Object, java.lang.Object)'> (0x00000000a6791708) 
thrown [s\open\src\hotspot\share\interpreter\linkResolver.cpp, line 773]
Event: 2.373 Thread 0x000002cbb73f0640 Exception <a 'java/lang/NoSuchMethodError'{0x00000000a679f7f0}: 'java.lang.Object java.lang.invoke.DirectMethodHandle$Holder.newInvokeSpecial(java.lang.Object, int, java.lang.Object)'> (0x00000000a679f7f0) 
thrown [s\open\src\hotspot\share\interpreter\linkResolver.cpp, line 773]
Event: 2.374 Thread 0x000002cbb73f0640 Exception <a 'java/lang/NoSuchMethodError'{0x00000000a67a3f10}: 'int java.lang.invoke.DirectMethodHandle$Holder.invokeSpecialIFC(java.lang.Object, java.lang.Object, java.lang.Object, java.lang.Object)'> (0x00000000a67a3f10) 
thrown [s\open\src\hotspot\share\interpreter\linkResolver.cpp, line 773]
Event: 2.404 Thread 0x000002cbb73f0640 Exception <a 'java/lang/NoSuchMethodError'{0x00000000a6684e50}: 'void java.lang.invoke.DirectMethodHandle$Holder.invokeInterface(java.lang.Object, java.lang.Object, java.lang.Object)'> (0x00000000a6684e50) 
thrown [s\open\src\hotspot\share\interpreter\linkResolver.cpp, line 773]
Event: 2.433 Thread 0x000002cbb73f0640 Exception <a 'java/lang/NoSuchMethodError'{0x00000000a6525f78}: 'java.lang.reflect.Field[] java.lang.Class.getDeclaredFields(java.lang.Class)'> (0x00000000a6525f78) 
thrown [s\open\src\hotspot\share\interpreter\linkResolver.cpp, line 773]
Event: 2.434 Thread 0x000002cbb73f0640 Exception <a 'java/lang/NoSuchMethodError'{0x00000000a652a848}: 'java.lang.Object java.lang.invoke.DirectMethodHandle$Holder.invokeStatic(java.lang.Object, java.lang.Object, int)'> (0x00000000a652a848) 
thrown [s\open\src\hotspot\share\interpreter\linkResolver.cpp, line 773]
Event: 2.436 Thread 0x000002cbb73f0640 Exception <a 'java/lang/NoSuchMethodError'{0x00000000a65359f8}: 'void java.lang.invoke.DelegatingMethodHandle$Holder.delegate(java.lang.Object, java.lang.Object, int, java.lang.Object)'> (0x00000000a65359f8) 
thrown [s\open\src\hotspot\share\interpreter\linkResolver.cpp, line 773]

ZGC Phase Switch (0 events):
No events

VM Operations (20 events):
Event: 0.935 Executing VM operation: HandshakeAllThreads (Deoptimize)
Event: 0.935 Executing VM operation: HandshakeAllThreads (Deoptimize) done
Event: 1.084 Executing VM operation: HandshakeAllThreads (Deoptimize)
Event: 1.084 Executing VM operation: HandshakeAllThreads (Deoptimize) done
Event: 1.084 Executing VM operation: Cleanup
Event: 1.085 Executing VM operation: Cleanup done
Event: 1.139 Executing VM operation: HandshakeAllThreads (Deoptimize)
Event: 1.139 Executing VM operation: HandshakeAllThreads (Deoptimize) done
Event: 1.213 Executing VM operation: HandshakeAllThreads (Deoptimize)
Event: 1.214 Executing VM operation: HandshakeAllThreads (Deoptimize) done
Event: 1.224 Executing VM operation: HandshakeAllThreads (Deoptimize)
Event: 1.224 Executing VM operation: HandshakeAllThreads (Deoptimize) done
Event: 1.544 Executing VM operation: G1CollectForAllocation (G1 Evacuation Pause)
Event: 1.569 Executing VM operation: G1CollectForAllocation (G1 Evacuation Pause) done
Event: 1.613 Executing VM operation: HandshakeAllThreads (Deoptimize)
Event: 1.613 Executing VM operation: HandshakeAllThreads (Deoptimize) done
Event: 2.010 Executing VM operation: HandshakeAllThreads (Deoptimize)
Event: 2.010 Executing VM operation: HandshakeAllThreads (Deoptimize) done
Event: 2.332 Executing VM operation: HandshakeAllThreads (Deoptimize)
Event: 2.332 Executing VM operation: HandshakeAllThreads (Deoptimize) done

Events (13 events):
Event: 0.039 Thread 0x000002cbb73f0640 Thread added: 0x000002cbb73f0640
Event: 0.057 Thread 0x000002cbc92d44d0 Thread added: 0x000002cbc92d44d0
Event: 0.057 Thread 0x000002cbc92d52e0 Thread added: 0x000002cbc92d52e0
Event: 0.058 Thread 0x000002cbc92db0c0 Thread added: 0x000002cbc92db0c0
Event: 0.058 Thread 0x000002cbc92ddc90 Thread added: 0x000002cbc92ddc90
Event: 0.058 Thread 0x000002cbc92de6e0 Thread added: 0x000002cbc92de6e0
Event: 0.058 Thread 0x000002cbc92e7140 Thread added: 0x000002cbc92e7140
Event: 0.058 Thread 0x000002cbc92e9cd0 Thread added: 0x000002cbc92e9cd0
Event: 0.178 Thread 0x000002cbc92ab7a0 Thread added: 0x000002cbc92ab7a0
Event: 0.189 Thread 0x000002cbc9473cb0 Thread added: 0x000002cbc9473cb0
Event: 0.497 Thread 0x000002cbc984c960 Thread added: 0x000002cbc984c960
Event: 0.497 Thread 0x000002cbc984cfc0 Thread added: 0x000002cbc984cfc0
Event: 1.109 Thread 0x000002cc0f2cf750 Thread added: 0x000002cc0f2cf750


Dynamic libraries:
0x00007ff7c25d0000 - 0x00007ff7c25e0000 	C:\Users\muhammad hanif\ProgramEnv\jdk-21_windows-x64_bin\jdk-21.0.6\bin\java.exe
0x00007ffc9ecf0000 - 0x00007ffc9ef07000 	C:\WINDOWS\SYSTEM32\ntdll.dll
0x00007ffc9e9d0000 - 0x00007ffc9ea94000 	C:\WINDOWS\System32\KERNEL32.DLL
0x00007ffc9c220000 - 0x00007ffc9c5f0000 	C:\WINDOWS\System32\KERNELBASE.dll
0x00007ffc9c100000 - 0x00007ffc9c211000 	C:\WINDOWS\System32\ucrtbase.dll
0x00007ffc911c0000 - 0x00007ffc911db000 	C:\Users\muhammad hanif\ProgramEnv\jdk-21_windows-x64_bin\jdk-21.0.6\bin\VCRUNTIME140.dll
0x00007ffc950b0000 - 0x00007ffc950c9000 	C:\Users\muhammad hanif\ProgramEnv\jdk-21_windows-x64_bin\jdk-21.0.6\bin\jli.dll
0x00007ffc9e020000 - 0x00007ffc9e0d1000 	C:\WINDOWS\System32\ADVAPI32.dll
0x00007ffc9eb10000 - 0x00007ffc9ebb7000 	C:\WINDOWS\System32\msvcrt.dll
0x00007ffc9e3a0000 - 0x00007ffc9e447000 	C:\WINDOWS\System32\sechost.dll
0x00007ffc9c670000 - 0x00007ffc9c698000 	C:\WINDOWS\System32\bcrypt.dll
0x00007ffc9cbc0000 - 0x00007ffc9ccd4000 	C:\WINDOWS\System32\RPCRT4.dll
0x00007ffc9d780000 - 0x00007ffc9d92e000 	C:\WINDOWS\System32\USER32.dll
0x00007ffc75330000 - 0x00007ffc755c2000 	C:\WINDOWS\WinSxS\amd64_microsoft.windows.common-controls_6595b64144ccf1df_6.0.22621.4830_none_270fe7d773858e80\COMCTL32.dll
0x00007ffc9c6a0000 - 0x00007ffc9c6c6000 	C:\WINDOWS\System32\win32u.dll
0x00007ffc9e7e0000 - 0x00007ffc9e809000 	C:\WINDOWS\System32\GDI32.dll
0x00007ffc9c6d0000 - 0x00007ffc9c7eb000 	C:\WINDOWS\System32\gdi32full.dll
0x00007ffc9c060000 - 0x00007ffc9c0fa000 	C:\WINDOWS\System32\msvcp_win.dll
0x00007ffc97370000 - 0x00007ffc9737a000 	C:\WINDOWS\SYSTEM32\VERSION.dll
0x00007ffc9dfe0000 - 0x00007ffc9e011000 	C:\WINDOWS\System32\IMM32.DLL
0x00007ffc91100000 - 0x00007ffc9110c000 	C:\Users\muhammad hanif\ProgramEnv\jdk-21_windows-x64_bin\jdk-21.0.6\bin\vcruntime140_1.dll
0x00007ffc6c150000 - 0x00007ffc6c1de000 	C:\Users\muhammad hanif\ProgramEnv\jdk-21_windows-x64_bin\jdk-21.0.6\bin\msvcp140.dll
0x00007ffc1bc60000 - 0x00007ffc1c97a000 	C:\Users\muhammad hanif\ProgramEnv\jdk-21_windows-x64_bin\jdk-21.0.6\bin\server\jvm.dll
0x00007ffc9ebe0000 - 0x00007ffc9ec51000 	C:\WINDOWS\System32\WS2_32.dll
0x00007ffc9be70000 - 0x00007ffc9bebd000 	C:\WINDOWS\SYSTEM32\POWRPROF.dll
0x00007ffc94d60000 - 0x00007ffc94d94000 	C:\WINDOWS\SYSTEM32\WINMM.dll
0x00007ffc9be50000 - 0x00007ffc9be63000 	C:\WINDOWS\SYSTEM32\UMPDC.dll
0x00007ffc9afc0000 - 0x00007ffc9afd8000 	C:\WINDOWS\SYSTEM32\kernel.appcore.dll
0x00007ffc91020000 - 0x00007ffc9102a000 	C:\Users\muhammad hanif\ProgramEnv\jdk-21_windows-x64_bin\jdk-21.0.6\bin\jimage.dll
0x00007ffc99b00000 - 0x00007ffc99d32000 	C:\WINDOWS\SYSTEM32\DBGHELP.DLL
0x00007ffc9e450000 - 0x00007ffc9e7e0000 	C:\WINDOWS\System32\combase.dll
0x00007ffc9d6a0000 - 0x00007ffc9d777000 	C:\WINDOWS\System32\OLEAUT32.dll
0x00007ffc91400000 - 0x00007ffc91432000 	C:\WINDOWS\SYSTEM32\dbgcore.DLL
0x00007ffc9c960000 - 0x00007ffc9c9db000 	C:\WINDOWS\System32\bcryptPrimitives.dll
0x00007ffc934a0000 - 0x00007ffc934af000 	C:\Users\muhammad hanif\ProgramEnv\jdk-21_windows-x64_bin\jdk-21.0.6\bin\instrument.dll
0x00007ffc773e0000 - 0x00007ffc773ff000 	C:\Users\muhammad hanif\ProgramEnv\jdk-21_windows-x64_bin\jdk-21.0.6\bin\java.dll
0x00007ffc9ce20000 - 0x00007ffc9d698000 	C:\WINDOWS\System32\SHELL32.dll
0x00007ffc99ea0000 - 0x00007ffc9a7b0000 	C:\WINDOWS\SYSTEM32\windows.storage.dll
0x00007ffc99d60000 - 0x00007ffc99e9f000 	C:\WINDOWS\SYSTEM32\wintypes.dll
0x00007ffc9e8c0000 - 0x00007ffc9e9ca000 	C:\WINDOWS\System32\SHCORE.dll
0x00007ffc9e180000 - 0x00007ffc9e1de000 	C:\WINDOWS\System32\shlwapi.dll
0x00007ffc9bed0000 - 0x00007ffc9befb000 	C:\WINDOWS\SYSTEM32\profapi.dll
0x00007ffc6f510000 - 0x00007ffc6f528000 	C:\Users\muhammad hanif\ProgramEnv\jdk-21_windows-x64_bin\jdk-21.0.6\bin\zip.dll
0x00007ffc91010000 - 0x00007ffc91020000 	C:\Users\muhammad hanif\ProgramEnv\jdk-21_windows-x64_bin\jdk-21.0.6\bin\net.dll
0x00007ffc95d70000 - 0x00007ffc95e9c000 	C:\WINDOWS\SYSTEM32\WINHTTP.dll
0x00007ffc9b460000 - 0x00007ffc9b4ca000 	C:\WINDOWS\system32\mswsock.dll
0x00007ffc6f530000 - 0x00007ffc6f546000 	C:\Users\muhammad hanif\ProgramEnv\jdk-21_windows-x64_bin\jdk-21.0.6\bin\nio.dll
0x00007ffc85430000 - 0x00007ffc8544a000 	C:\Program Files\JetBrains\IntelliJ IDEA 2024.3.2.2\bin\breakgen64.dll
0x00007ffc90a90000 - 0x00007ffc90a99000 	C:\Users\muhammad hanif\ProgramEnv\jdk-21_windows-x64_bin\jdk-21.0.6\bin\extnet.dll
0x00007ffc9aa80000 - 0x00007ffc9ab82000 	C:\WINDOWS\SYSTEM32\DNSAPI.dll
0x00007ffc9aa10000 - 0x00007ffc9aa3d000 	C:\WINDOWS\SYSTEM32\IPHLPAPI.DLL
0x00007ffc9e170000 - 0x00007ffc9e179000 	C:\WINDOWS\System32\NSI.dll
0x000000006b560000 - 0x000000006b586000 	C:\Program Files\Bonjour\mdnsNSP.dll
0x00007ffc935e0000 - 0x00007ffc935ea000 	C:\Windows\System32\rasadhlp.dll
0x00007ffc94330000 - 0x00007ffc943b3000 	C:\WINDOWS\System32\fwpuclnt.dll
0x00007ffc97320000 - 0x00007ffc9732a000 	C:\Users\muhammad hanif\ProgramEnv\jdk-21_windows-x64_bin\jdk-21.0.6\bin\management.dll
0x00007ffc934b0000 - 0x00007ffc934bb000 	C:\Users\muhammad hanif\ProgramEnv\jdk-21_windows-x64_bin\jdk-21.0.6\bin\management_ext.dll
0x00007ffc9d930000 - 0x00007ffc9d938000 	C:\WINDOWS\System32\PSAPI.DLL
0x00007ffc9b6b0000 - 0x00007ffc9b6cb000 	C:\WINDOWS\SYSTEM32\CRYPTSP.dll
0x00007ffc9af10000 - 0x00007ffc9af45000 	C:\WINDOWS\system32\rsaenh.dll
0x00007ffc9b550000 - 0x00007ffc9b578000 	C:\WINDOWS\SYSTEM32\USERENV.dll
0x00007ffc9b6d0000 - 0x00007ffc9b6dc000 	C:\WINDOWS\SYSTEM32\CRYPTBASE.dll
0x00007ffc78b60000 - 0x00007ffc78b77000 	C:\WINDOWS\system32\napinsp.dll
0x00007ffc78990000 - 0x00007ffc789ab000 	C:\WINDOWS\system32\pnrpnsp.dll
0x00007ffc78970000 - 0x00007ffc78981000 	C:\WINDOWS\System32\winrnr.dll
0x00007ffc951a0000 - 0x00007ffc951b5000 	C:\WINDOWS\system32\wshbth.dll
0x00007ffc78930000 - 0x00007ffc78957000 	C:\WINDOWS\system32\nlansp_c.dll

dbghelp: loaded successfully - version: 4.0.5 - missing functions: none
symbol engine: initialized successfully - sym options: 0x614 - pdb path: .;C:\Users\muhammad hanif\ProgramEnv\jdk-21_windows-x64_bin\jdk-21.0.6\bin;C:\WINDOWS\SYSTEM32;C:\WINDOWS\WinSxS\amd64_microsoft.windows.common-controls_6595b64144ccf1df_6.0.22621.4830_none_270fe7d773858e80;C:\Users\muhammad hanif\ProgramEnv\jdk-21_windows-x64_bin\jdk-21.0.6\bin\server;C:\Program Files\JetBrains\IntelliJ IDEA 2024.3.2.2\bin;C:\Program Files\Bonjour

VM Arguments:
jvm_args: -XX:TieredStopAtLevel=1 -Dspring.output.ansi.enabled=always -Dcom.sun.management.jmxremote -Dspring.jmx.enabled=true -Dspring.liveBeansView.mbeanDomain -Dspring.application.admin.enabled=true -Dmanagement.endpoints.jmx.exposure.include=* -javaagent:C:\Program Files\JetBrains\IntelliJ IDEA 2024.3.2.2\lib\idea_rt.jar=57052:C:\Program Files\JetBrains\IntelliJ IDEA 2024.3.2.2\bin -Dfile.encoding=UTF-8 -Dsun.stdout.encoding=UTF-8 -Dsun.stderr.encoding=UTF-8 
java_command: com.programming.techie.gateway.ApiGatewayApplication
java_class_path (initial): C:\Users\muhammad hanif\OneDrive\Documents\SEMESTER6\PPBLO-P\PPLBO\api-gateway\target\classes;C:\Users\muhammad hanif\.m2\repository\org\springframework\cloud\spring-cloud-starter-gateway-mvc\4.2.0\spring-cloud-starter-gateway-mvc-4.2.0.jar;C:\Users\muhammad hanif\.m2\repository\org\springframework\cloud\spring-cloud-starter\4.2.0\spring-cloud-starter-4.2.0.jar;C:\Users\muhammad hanif\.m2\repository\org\springframework\cloud\spring-cloud-context\4.2.0\spring-cloud-context-4.2.0.jar;C:\Users\muhammad hanif\.m2\repository\org\springframework\cloud\spring-cloud-commons\4.2.0\spring-cloud-commons-4.2.0.jar;C:\Users\muhammad hanif\.m2\repository\org\bouncycastle\bcprov-jdk18on\1.78.1\bcprov-jdk18on-1.78.1.jar;C:\Users\muhammad hanif\.m2\repository\org\springframework\cloud\spring-cloud-gateway-server-mvc\4.2.0\spring-cloud-gateway-server-mvc-4.2.0.jar;C:\Users\muhammad hanif\.m2\repository\org\springframework\boot\spring-boot-starter-validation\3.4.2\spring-boot-starter-validation-3.4.2.jar;C:\Users\muhammad hanif\.m2\repository\org\apache\tomcat\embed\tomcat-embed-el\10.1.34\tomcat-embed-el-10.1.34.jar;C:\Users\muhammad hanif\.m2\repository\org\hibernate\validator\hibernate-validator\8.0.2.Final\hibernate-validator-8.0.2.Final.jar;C:\Users\muhammad hanif\.m2\repository\org\jboss\logging\jboss-logging\3.6.1.Final\jboss-logging-3.6.1.Final.jar;C:\Users\muhammad hanif\.m2\repository\com\fasterxml\classmate\1.7.0\classmate-1.7.0.jar;C:\Users\muhammad hanif\.m2\repository\org\springframework\boot\spring-boot-starter-web\3.4.2\spring-boot-starter-web-3.4.2.jar;C:\Users\muhammad hanif\.m2\repository\org\springframework\boot\spring-boot-starter-json\3.4.2\spring-boot-starter-json-3.4.2.jar;C:\Users\muhammad hanif\.m2\repository\com\fasterxml\jackson\datatype\jackson-datatype-jdk8\2.18.2\jackson-datatype-jdk8-2.18.2.jar;C:\Users\muhammad hanif\.m2\repository\com\fasterxml\jackson\module\jackson-module-parameter-names\2.18.2\jackson-module-parameter-names-2.18.2.jar;C:\Users\muhammad hanif\.m2\repository\org\springframework\boot\spring-boot-starter-tomcat\3.4.2\spring-boot-starter-tomcat-3.4.2.jar;C:\Users\muhammad hanif\.m2\repository\org\apache\tomcat\embed\tomcat-embed-core\10.1.34\tomcat-embed-core-10.1.34.jar;C:\Users\muhammad hanif\.m2\repository\org\apache\tomcat\embed\tomcat-embed-websocket\10.1.34\tomcat-embed-websocket-10.1.34.jar;C:\Users\muhammad hanif\.m2\repository\org\springframework\spring-web\6.2.2\spring-web-6.2.2.jar;C:\Users\muhammad hanif\.m2\repository\org\springframework\boot\spring-boot-starter-oauth2-resource-server\3.4.2\spring-boot-starter-oauth2-resource-server-3.4.2.jar;C:\Users\muhammad hanif\.m2\repository\org\springframework\boot\spring-boot-starter\3.4.2\spring-boot-starter-3.4.2.jar;C:\Users\muhammad hanif\.m2\repository\org\springframework\boot\spring-boot\3.4.2\spring-boot-3.4.2.jar;C:\Users\muhammad hanif\.m2\repository\org\springframework\boot\spring-boot-autoconfigure\3.4.2\spring-boot-autoconfigure-3.4.2.jar;C:\Users\muhammad hanif\.m2\repository\org\springframework\boot\spring-boot-starter-logging\3.4.2\spring-boot-starter-logging-3.4.2.jar;C:\Users\muhammad hanif\.m2\repository\ch\qos\logback\logback-classic\1.5.16\logback-classic-1.5.16.jar;C:\Users\muhammad hanif\.m2\repository\ch\qos\logback\logback-core\1.5.16\logback-core-1.5.16.jar;C:\Users\muhammad hanif\.m2\repository\org\apache\logging\log4j\log4j-to-slf4j\2.24.3\log4j-to-slf4j-2.24.3.jar;C:\Users\muhammad hanif\.m2\repository\org\apache\logging\log4j\log4j-api\2.24.3\log4j-api-2.24.3.jar;C:\Users\muhammad hanif\.m2\repository\org\slf4j\jul-to-slf4j\2.0.16\jul-to-slf4j-2.0.16.jar;C:\Users\muhammad hanif\.m2\repository\jakarta\annotation\jakarta.annotation-api\2.1.1\jakarta.annotation-api-2.1.1.jar;C:\Users\muhammad hanif\.m2\repository\org\yaml\snakeyaml\2.3\snakeyaml-2.3.jar;C:\Users\muhammad hanif\.m2\repository\org\springframework\security\spring-security-config\6.4.2\spring-security-config-6.4.2.jar;C:\Users\muhammad hanif\.m2\repository\org\springframework\spring-aop\6.2.2\spring-aop-6.2.2.jar;C:\Users\muhammad hanif\.m2\repository\org\springframework\spring-beans\6.2.2\spring-beans-6.2.2.jar;C:\Users\muhammad hanif\.m2\repository\org\springframework\spring-context\6.2.2\spring-context-6.2.2.jar;C:\Users\muhammad hanif\.m2\repository\org\springframework\security\spring-security-core\6.4.2\spring-security-core-6.4.2.jar;C:\Users\muhammad hanif\.m2\repository\org\springframework\security\spring-security-crypto\6.4.2\spring-security-crypto-6.4.2.jar;C:\Users\muhammad hanif\.m2\repository\org\springframework\spring-expression\6.2.2\spring-expression-6.2.2.jar;C:\Users\muhammad hanif\.m2\repository\org\springframework\security\spring-security-oauth2-resource-server\6.4.2\spring-security-oauth2-resource-server-6.4.2.jar;C:\Users\muhammad hanif\.m2\repository\org\springframework\security\spring-security-oauth2-core\6.4.2\spring-security-oauth2-core-6.4.2.jar;C:\Users\muhammad hanif\.m2\repository\org\springframework\security\spring-security-web\6.4.2\spring-security-web-6.4.2.jar;C:\Users\muhammad hanif\.m2\repository\org\springframework\security\spring-security-oauth2-jose\6.4.2\spring-security-oauth2-jose-6.4.2.jar;C:\Users\muhammad hanif\.m2\repository\com\nimbusds\nimbus-jose-jwt\9.37.3\nimbus-jose-jwt-9.37.3.jar;C:\Users\muhammad hanif\.m2\repository\com\github\stephenc\jcip\jcip-annotations\1.0-1\jcip-annotations-1.0-1.jar;C:\Users\muhammad hanif\.m2\repository\org\springdoc\springdoc-openapi-starter-webmvc-ui\2.8.5\springdoc-openapi-starter-webmvc-ui-2.8.5.jar;C:\Users\muhammad hanif\.m2\repository\org\webjars\swagger-ui\5.18.3\swagger-ui-5.18.3.jar;C:\Users\muhammad hanif\.m2\repository\org\webjars\webjars-locator-lite\1.0.1\webjars-locator-lite-1.0.1.jar;C:\Users\muhammad hanif\.m2\repository\org\jspecify\jspecify\1.0.0\jspecify-1.0.0.jar;C:\Users\muhammad hanif\.m2\repository\org\springdoc\springdoc-openapi-starter-webmvc-api\2.8.5\springdoc-openapi-starter-webmvc-api-2.8.5.jar;C:\Users\muhammad hanif\.m2\repository\org\springdoc\springdoc-openapi-starter-common\2.8.5\springdoc-openapi-starter-common-2.8.5.jar;C:\Users\muhammad hanif\.m2\repository\io\swagger\core\v3\swagger-core-jakarta\2.2.28\swagger-core-jakarta-2.2.28.jar;C:\Users\muhammad hanif\.m2\repository\org\apache\commons\commons-lang3\3.17.0\commons-lang3-3.17.0.jar;C:\Users\muhammad hanif\.m2\repository\io\swagger\core\v3\swagger-annotations-jakarta\2.2.28\swagger-annotations-jakarta-2.2.28.jar;C:\Users\muhammad hanif\.m2\repository\io\swagger\core\v3\swagger-models-jakarta\2.2.28\swagger-models-jakarta-2.2.28.jar;C:\Users\muhammad hanif\.m2\repository\jakarta\validation\jakarta.validation-api\3.0.2\jakarta.validation-api-3.0.2.jar;C:\Users\muhammad hanif\.m2\repository\com\fasterxml\jackson\core\jackson-annotations\2.18.2\jackson-annotations-2.18.2.jar;C:\Users\muhammad hanif\.m2\repository\com\fasterxml\jackson\dataformat\jackson-dataformat-yaml\2.18.2\jackson-dataformat-yaml-2.18.2.jar;C:\Users\muhammad hanif\.m2\repository\org\springframework\spring-webmvc\6.2.2\spring-webmvc-6.2.2.jar;C:\Users\muhammad hanif\.m2\repository\org\springframework\cloud\spring-cloud-starter-circuitbreaker-resilience4j\3.2.0\spring-cloud-starter-circuitbreaker-resilience4j-3.2.0.jar;C:\Users\muhammad hanif\.m2\repository\org\springframework\cloud\spring-cloud-circuitbreaker-resilience4j\3.2.0\spring-cloud-circuitbreaker-resilience4j-3.2.0.jar;C:\Users\muhammad hanif\.m2\repository\io\github\resilience4j\resilience4j-spring-boot3\2.2.0\resilience4j-spring-boot3-2.2.0.jar;C:\Users\muhammad hanif\.m2\repository\io\github\resilience4j\resilience4j-spring6\2.2.0\resilience4j-spring6-2.2.0.jar;C:\Users\muhammad hanif\.m2\repository\io\github\resilience4j\resilience4j-annotations\2.2.0\resilience4j-annotations-2.2.0.jar;C:\Users\muhammad hanif\.m2\repository\io\github\resilience4j\resilience4j-consumer\2.2.0\resilience4j-consumer-2.2.0.jar;C:\Users\muhammad hanif\.m2\repository\io\github\resilience4j\resilience4j-circularbuffer\2.2.0\resilience4j-circularbuffer-2.2.0.jar;C:\Users\muhammad hanif\.m2\repository\io\github\resilience4j\resilience4j-framework-common\2.2.0\resilience4j-framework-common-2.2.0.jar;C:\Users\muhammad hanif\.m2\repository\io\github\resilience4j\resilience4j-micrometer\2.2.0\resilience4j-micrometer-2.2.0.jar;C:\Users\muhammad hanif\.m2\repository\io\github\resilience4j\resilience4j-retry\2.2.0\resilience4j-retry-2.2.0.jar;C:\Users\muhammad hanif\.m2\repository\io\github\resilience4j\resilience4j-ratelimiter\2.2.0\resilience4j-ratelimiter-2.2.0.jar;C:\Users\muhammad hanif\.m2\repository\org\springframework\boot\spring-boot-configuration-processor\3.4.2\spring-boot-configuration-processor-3.4.2.jar;C:\Users\muhammad hanif\.m2\repository\io\github\resilience4j\resilience4j-circuitbreaker\2.2.0\resilience4j-circuitbreaker-2.2.0.jar;C:\Users\muhammad hanif\.m2\repository\io\github\resilience4j\resilience4j-core\2.2.0\resilience4j-core-2.2.0.jar;C:\Users\muhammad hanif\.m2\repository\org\slf4j\slf4j-api\2.0.16\slf4j-api-2.0.16.jar;C:\Users\muhammad hanif\.m2\repository\io\github\resilience4j\resilience4j-timelimiter\2.2.0\resilience4j-timelimiter-2.2.0.jar;C:\Users\muhammad hanif\.m2\repository\org\springframework\boot\spring-boot-starter-actuator\3.4.2\spring-boot-starter-actuator-3.4.2.jar;C:\Users\muhammad hanif\.m2\repository\org\springframework\boot\spring-boot-actuator-autoconfigure\3.4.2\spring-boot-actuator-autoconfigure-3.4.2.jar;C:\Users\muhammad hanif\.m2\repository\org\springframework\boot\spring-boot-actuator\3.4.2\spring-boot-actuator-3.4.2.jar;C:\Users\muhammad hanif\.m2\repository\com\fasterxml\jackson\core\jackson-databind\2.18.2\jackson-databind-2.18.2.jar;C:\Users\muhammad hanif\.m2\repository\com\fasterxml\jackson\core\jackson-core\2.18.2\jackson-core-2.18.2.jar;C:\Users\muhammad hanif\.m2\repository\com\fasterxml\jackson\datatype\jackson-datatype-jsr310\2.18.2\jackson-datatype-jsr310-2.18.2.jar;C:\Users\muhammad hanif\.m2\repository\io\micrometer\micrometer-observation\1.14.3\micrometer-observation-1.14.3.jar;C:\Users\muhammad hanif\.m2\repository\io\micrometer\micrometer-commons\1.14.3\micrometer-commons-1.14.3.jar;C:\Users\muhammad hanif\.m2\repository\io\micrometer\micrometer-jakarta9\1.14.3\micrometer-jakarta9-1.14.3.jar;C:\Users\muhammad hanif\.m2\repository\io\micrometer\micrometer-core\1.14.3\micrometer-core-1.14.3.jar;C:\Users\muhammad hanif\.m2\repository\org\hdrhistogram\HdrHistogram\2.2.2\HdrHistogram-2.2.2.jar;C:\Users\muhammad hanif\.m2\repository\org\latencyutils\LatencyUtils\2.0.3\LatencyUtils-2.0.3.jar;C:\Users\muhammad hanif\.m2\repository\jakarta\xml\bind\jakarta.xml.bind-api\4.0.2\jakarta.xml.bind-api-4.0.2.jar;C:\Users\muhammad hanif\.m2\repository\jakarta\activation\jakarta.activation-api\2.1.3\jakarta.activation-api-2.1.3.jar;C:\Users\muhammad hanif\.m2\repository\org\springframework\spring-core\6.2.2\spring-core-6.2.2.jar;C:\Users\muhammad hanif\.m2\repository\org\springframework\spring-jcl\6.2.2\spring-jcl-6.2.2.jar
Launcher Type: SUN_STANDARD

[Global flags]
     intx CICompilerCount                          = 4                                         {product} {ergonomic}
     uint ConcGCThreads                            = 2                                         {product} {ergonomic}
     uint G1ConcRefinementThreads                  = 8                                         {product} {ergonomic}
   size_t G1HeapRegionSize                         = 1048576                                   {product} {ergonomic}
    uintx GCDrainStackTargetSize                   = 64                                        {product} {ergonomic}
   size_t InitialHeapSize                          = 98566144                                  {product} {ergonomic}
     bool ManagementServer                         = true                                      {product} {command line}
   size_t MarkStackSize                            = 4194304                                   {product} {ergonomic}
   size_t MaxHeapSize                              = 1570766848                                {product} {ergonomic}
   size_t MaxNewSize                               = 941621248                                 {product} {ergonomic}
   size_t MinHeapDeltaBytes                        = 1048576                                   {product} {ergonomic}
   size_t MinHeapSize                              = 8388608                                   {product} {ergonomic}
    uintx NonNMethodCodeHeapSize                   = 4096                                   {pd product} {ergonomic}
    uintx NonProfiledCodeHeapSize                  = 0                                      {pd product} {ergonomic}
     bool ProfileInterpreter                       = false                                  {pd product} {command line}
    uintx ProfiledCodeHeapSize                     = 0                                      {pd product} {ergonomic}
   size_t SoftMaxHeapSize                          = 1570766848                             {manageable} {ergonomic}
     intx TieredStopAtLevel                        = 1                                         {product} {command line}
     bool UseCompressedOops                        = true                           {product lp64_product} {ergonomic}
     bool UseG1GC                                  = true                                      {product} {ergonomic}
     bool UseLargePagesIndividualAllocation        = false                                  {pd product} {ergonomic}

Logging:
Log output configuration:
 #0: stdout all=warning uptime,level,tags foldmultilines=false
 #1: stderr all=off uptime,level,tags foldmultilines=false

Environment Variables:
PATH=C:\Python312\Scripts\;C:\Python312\;C:\Program Files\Haskell\bin;C:\Program Files\Haskell Platform\7.10.2-a\lib\extralibs\bin;C:\Program Files\Haskell Platform\7.10.2-a\bin;C:\Program Files\Haskell Platform\8.6.5\lib\extralibs\bin;C:\Program Files\Haskell Platform\8.6.5\bin;C:\Oracle\dbhomeXE\bin;C:\Aplikasi\dbhomeXE\bin;C:\Program Files\Java\jdk-11\bin;C:\WINDOWS\system32;C:\WINDOWS;C:\WINDOWS\System32\Wbem;C:\WINDOWS\System32\WindowsPowerShell\v1.0\;C:\WINDOWS\System32\OpenSSH\;C:\Program Files\Git\cmd;C:\Program Files\PuTTY\;C:\Program Files\Haskell Platform\8.6.5\mingw\bin;C:\ProgramData\chocolatey\bin;C:\Program Files\Haskell Platform\7.10.2-a\mingw\bin;C:\Users\muhammad hanif\Downloads\mongosh-2.1.4-win32-x64\bin;C:\Program Files\nodejs\;C:\Users\muhammad hanif\OneDrive\Documents\SEMESTER5\WebDevT\security-headers-project;C:\Program Files\Docker\Docker\resources\bin;C:\Users\muhammad hanif\ProgramEnv\apache-maven-3.9.9;C:\Users\muhammad hanif\ProgramEnv\apache-maven-3.9.9bin;C:\Users\muhammad hanif\AppData\Roaming\cabal\bin;C:\Users\muhammad hanif\AppData\Roaming\local\bin;C:\Users\muhammad hanif\AppData\Local\Programs\Python\Python311\Scripts\;C:\Users\muhammad hanif\AppData\Local\Programs\Python\Python311\;C:\Users\muhammad hanif\AppData\Local\Microsoft\WindowsApps;C:\Users\muhammad hanif\AppData\Local\Programs\Microsoft VS Code\bin;C:\msys64\mingw64\bin;C:\Users\muhammad hanif\AppData\Local\GitHubDesktop\bin;C:\Strawberry\perl\bin;C:\tools\ghc-9.6.2\bin;C:\tools\msys64;C:\Program Files\swipl\bin;C:\Users\muhammad hanif\AppData\Roaming\npm;C:\xampp\php;C:\Users\muhammad hanif\AppData\Local\ComposerSetup\bin;C:\Users\muhammad hanif\AppData\Roaming\Composer\vendor\bin;C:\Program Files\JetBrains\IntelliJ IDEA 2024.3.2.2\bin;;C:\Users\muhammad hanif\ProgramEnv\apache-maven-3.9.9
USERNAME=muhammad hanif
OS=Windows_NT
PROCESSOR_IDENTIFIER=AMD64 Family 23 Model 104 Stepping 1, AuthenticAMD
TMP=C:\Users\MUHAMM~1\AppData\Local\Temp
TEMP=C:\Users\MUHAMM~1\AppData\Local\Temp




Periodic native trim disabled

---------------  S Y S T E M  ---------------

OS:
 Windows 11 , 64 bit Build 22621 (10.0.22621.4830)
OS uptime: 7 days 10:06 hours
Hyper-V role detected

CPU: total 8 (initial active 8) (8 cores per cpu, 2 threads per core) family 23 model 104 stepping 1 microcode 0x0, cx8, cmov, fxsr, ht, mmx, 3dnowpref, sse, sse2, sse3, ssse3, sse4a, sse4.1, sse4.2, popcnt, lzcnt, tsc, tscinvbit, avx, avx2, aes, clmul, bmi1, bmi2, adx, sha, fma, vzeroupper, clflush, clflushopt, hv, rdtscp, rdpid, f16c
Processor Information for processor 0
  Max Mhz: 2600, Current Mhz: 2003, Mhz Limit: 2600
Processor Information for processor 1
  Max Mhz: 2600, Current Mhz: 2600, Mhz Limit: 2600
Processor Information for processor 2
  Max Mhz: 2600, Current Mhz: 2600, Mhz Limit: 2600
Processor Information for processor 3
  Max Mhz: 2600, Current Mhz: 2600, Mhz Limit: 2600
Processor Information for processor 4
  Max Mhz: 2600, Current Mhz: 2600, Mhz Limit: 2600
Processor Information for processor 5
  Max Mhz: 2600, Current Mhz: 2600, Mhz Limit: 2600
Processor Information for processor 6
  Max Mhz: 2600, Current Mhz: 2600, Mhz Limit: 2600
Processor Information for processor 7
  Max Mhz: 2600, Current Mhz: 2600, Mhz Limit: 2600

Memory: 4k page, system-wide physical 5989M (334M free)
TotalPageFile size 24421M (AvailPageFile size 0M)
current process WorkingSet (physical memory assigned to process): 96M, peak: 96M
current process commit charge ("private bytes"): 194M, peak: 194M

vm_info: Java HotSpot(TM) 64-Bit Server VM (21.0.6+8-LTS-188) for windows-amd64 JRE (21.0.6+8-LTS-188), built on 2024-12-03T10:50:54Z by "mach5one" with MS VC++ 17.6 (VS2022)

END.
