#
# There is insufficient memory for the Java Runtime Environment to continue.
# Native memory allocation (mmap) failed to map 1540096 bytes for G1 virtual space
# Possible reasons:
#   The system is out of physical RAM or swap space
#   The process is running with CompressedOops enabled, and the Java Heap may be blocking the growth of the native heap
# Possible solutions:
#   Reduce memory load on the system
#   Increase physical memory or swap space
#   Check if swap backing store is full
#   Decrease Java heap size (-Xmx/-Xms)
#   Decrease number of Java threads
#   Decrease Java thread stack sizes (-Xss)
#   Set larger code cache with -XX:ReservedCodeCacheSize=
#   JVM is running with Unscaled Compressed Oops mode in which the Java heap is
#     placed in the first 4GB address space. The Java Heap base address is the
#     maximum limit for the native heap growth. Please use -XX:HeapBaseMinAddress
#     to set the Java Heap base and to place the Java Heap above 4GB virtual address.
# This output file may be truncated or incomplete.
#
#  Out of Memory Error (os_windows.cpp:3603), pid=42992, tid=48876
#
# JRE version:  (21.0.6+8) (build )
# Java VM: Java HotSpot(TM) 64-Bit Server VM (21.0.6+8-LTS-188, mixed mode, emulated-client, sharing, tiered, compressed oops, compressed class ptrs, g1 gc, windows-amd64)
# No core dump will be written. Minidumps are not enabled by default on client versions of Windows
#

---------------  S U M M A R Y ------------

Command Line: -XX:TieredStopAtLevel=1 -Dspring.output.ansi.enabled=always -Dcom.sun.management.jmxremote -Dspring.jmx.enabled=true -Dspring.liveBeansView.mbeanDomain -Dspring.application.admin.enabled=true -Dmanagement.endpoints.jmx.exposure.include=* -javaagent:C:\Program Files\JetBrains\IntelliJ IDEA 2024.3.2.2\lib\idea_rt.jar=49818:C:\Program Files\JetBrains\IntelliJ IDEA 2024.3.2.2\bin -Dfile.encoding=UTF-8 -Dsun.stdout.encoding=UTF-8 -Dsun.stderr.encoding=UTF-8 com.techie.microservices.product.ProductServiceApplication

Host: AMD Ryzen 3 5300U with Radeon Graphics         , 8 cores, 5G,  Windows 11 , 64 bit Build 22621 (10.0.22621.4830)
Time: Thu Mar  6 01:04:49 2025 SE Asia Standard Time elapsed time: 0.027791 seconds (0d 0h 0m 0s)

---------------  T H R E A D  ---------------

Current thread (0x000001d5c264e980):  JavaThread "Unknown thread" [_thread_in_vm, id=48876, stack(0x000000c6f2900000,0x000000c6f2a00000) (1024K)]

Stack: [0x000000c6f2900000,0x000000c6f2a00000]
Native frames: (J=compiled Java code, j=interpreted, Vv=VM code, C=native code)
V  [jvm.dll+0x6ca6d9]
V  [jvm.dll+0x854f51]
V  [jvm.dll+0x85747e]
V  [jvm.dll+0x857b53]
V  [jvm.dll+0x27dcc6]
V  [jvm.dll+0x6c6e55]
V  [jvm.dll+0x6bb9da]
V  [jvm.dll+0x35393a]
V  [jvm.dll+0x35b596]
V  [jvm.dll+0x3adf13]
V  [jvm.dll+0x3ae1a8]
V  [jvm.dll+0x327cbc]
V  [jvm.dll+0x32881b]
V  [jvm.dll+0x81e309]
V  [jvm.dll+0x3babe1]
V  [jvm.dll+0x807658]
V  [jvm.dll+0x44fdae]
V  [jvm.dll+0x4519a1]
C  [jli.dll+0x52a3]
C  [ucrtbase.dll+0x29333]
C  [KERNEL32.DLL+0x1259d]
C  [ntdll.dll+0x5af38]


---------------  P R O C E S S  ---------------

Threads class SMR info:
_java_thread_list=0x00007ffc1b8dcc08, length=0, elements={
}

Java Threads: ( => current thread )
Total: 0

Other Threads:
  0x000001d5c48df480 WorkerThread "GC Thread#0"                     [id=41036, stack(0x000000c6f2a00000,0x000000c6f2b00000) (1024K)]
  0x000001d5c48ebfa0 ConcurrentGCThread "G1 Main Marker"            [id=56824, stack(0x000000c6f2b00000,0x000000c6f2c00000) (1024K)]
  0x000001d5c48ecaa0 WorkerThread "G1 Conc#0"                       [id=42372, stack(0x000000c6f2c00000,0x000000c6f2d00000) (1024K)]

[error occurred during error reporting (printing all threads), id 0xc0000005, EXCEPTION_ACCESS_VIOLATION (0xc0000005) at pc=0x00007ffc1b04a427]
VM state: not at safepoint (not fully initialized)

VM Mutex/Monitor currently owned by a thread:  ([mutex/lock_event])
[0x00007ffc1b94df98] Heap_lock - owner thread: 0x000001d5c264e980

Heap address: 0x00000000a2600000, size: 1498 MB, Compressed Oops mode: 32-bit

CDS archive(s) mapped at: [0x0000000000000000-0x0000000000000000-0x0000000000000000), size 0, SharedBaseAddress: 0x0000000800000000, ArchiveRelocationMode: 1.
Narrow klass base: 0x0000000000000000, Narrow klass shift: 0, Narrow klass range: 0x0

GC Precious Log:
 CardTable entry size: 512
 Card Set container configuration: InlinePtr #cards 5 size 8 Array Of Cards #cards 12 size 40 Howl #buckets 4 coarsen threshold 1843 Howl Bitmap #cards 512 size 80 coarsen threshold 460 Card regions per heap region 1 cards per card region 2048

Heap:
 garbage-first heap   total 0K, used 0K [0x00000000a2600000, 0x0000000100000000)
  region size 1024K, 0 young (0K), 0 survivors (0K)

[error occurred during error reporting (printing heap information), id 0xc0000005, EXCEPTION_ACCESS_VIOLATION (0xc0000005) at pc=0x00007ffc1b4336a9]
GC Heap History (0 events):
No events

Dll operation events (1 events):
Event: 0.018 Loaded shared library C:\Users\muhammad hanif\ProgramEnv\jdk-21_windows-x64_bin\jdk-21.0.6\bin\java.dll

Deoptimization events (0 events):
No events

Classes loaded (0 events):
No events

Classes unloaded (0 events):
No events

Classes redefined (0 events):
No events

Internal exceptions (0 events):
No events

ZGC Phase Switch (0 events):
No events

VM Operations (0 events):
No events

Events (0 events):
No events


Dynamic libraries:
0x00007ff71a3f0000 - 0x00007ff71a400000 	C:\Users\muhammad hanif\ProgramEnv\jdk-21_windows-x64_bin\jdk-21.0.6\bin\java.exe
0x00007ffc9ecf0000 - 0x00007ffc9ef07000 	C:\WINDOWS\SYSTEM32\ntdll.dll
0x00007ffc9e9d0000 - 0x00007ffc9ea94000 	C:\WINDOWS\System32\KERNEL32.DLL
0x00007ffc9c220000 - 0x00007ffc9c5f0000 	C:\WINDOWS\System32\KERNELBASE.dll
0x00007ffc9c100000 - 0x00007ffc9c211000 	C:\WINDOWS\System32\ucrtbase.dll
0x00007ffc94e30000 - 0x00007ffc94e4b000 	C:\Users\muhammad hanif\ProgramEnv\jdk-21_windows-x64_bin\jdk-21.0.6\bin\VCRUNTIME140.dll
0x00007ffc764d0000 - 0x00007ffc764e9000 	C:\Users\muhammad hanif\ProgramEnv\jdk-21_windows-x64_bin\jdk-21.0.6\bin\jli.dll
0x00007ffc9e020000 - 0x00007ffc9e0d1000 	C:\WINDOWS\System32\ADVAPI32.dll
0x00007ffc9eb10000 - 0x00007ffc9ebb7000 	C:\WINDOWS\System32\msvcrt.dll
0x00007ffc9e3a0000 - 0x00007ffc9e447000 	C:\WINDOWS\System32\sechost.dll
0x00007ffc9c670000 - 0x00007ffc9c698000 	C:\WINDOWS\System32\bcrypt.dll
0x00007ffc9cbc0000 - 0x00007ffc9ccd4000 	C:\WINDOWS\System32\RPCRT4.dll
0x00007ffc9d780000 - 0x00007ffc9d92e000 	C:\WINDOWS\System32\USER32.dll
0x00007ffc9c6a0000 - 0x00007ffc9c6c6000 	C:\WINDOWS\System32\win32u.dll
0x00007ffc9e7e0000 - 0x00007ffc9e809000 	C:\WINDOWS\System32\GDI32.dll
0x00007ffc9c6d0000 - 0x00007ffc9c7eb000 	C:\WINDOWS\System32\gdi32full.dll
0x00007ffc9c060000 - 0x00007ffc9c0fa000 	C:\WINDOWS\System32\msvcp_win.dll
0x00007ffc75330000 - 0x00007ffc755c2000 	C:\WINDOWS\WinSxS\amd64_microsoft.windows.common-controls_6595b64144ccf1df_6.0.22621.4830_none_270fe7d773858e80\COMCTL32.dll
0x00007ffc97370000 - 0x00007ffc9737a000 	C:\WINDOWS\SYSTEM32\VERSION.dll
0x00007ffc9dfe0000 - 0x00007ffc9e011000 	C:\WINDOWS\System32\IMM32.DLL
0x00007ffc950e0000 - 0x00007ffc950ec000 	C:\Users\muhammad hanif\ProgramEnv\jdk-21_windows-x64_bin\jdk-21.0.6\bin\vcruntime140_1.dll
0x00007ffc6d140000 - 0x00007ffc6d1ce000 	C:\Users\muhammad hanif\ProgramEnv\jdk-21_windows-x64_bin\jdk-21.0.6\bin\msvcp140.dll
0x00007ffc1ad10000 - 0x00007ffc1ba2a000 	C:\Users\muhammad hanif\ProgramEnv\jdk-21_windows-x64_bin\jdk-21.0.6\bin\server\jvm.dll
0x00007ffc9ebe0000 - 0x00007ffc9ec51000 	C:\WINDOWS\System32\WS2_32.dll
0x00007ffc9be70000 - 0x00007ffc9bebd000 	C:\WINDOWS\SYSTEM32\POWRPROF.dll
0x00007ffc94d60000 - 0x00007ffc94d94000 	C:\WINDOWS\SYSTEM32\WINMM.dll
0x00007ffc9be50000 - 0x00007ffc9be63000 	C:\WINDOWS\SYSTEM32\UMPDC.dll
0x00007ffc9afc0000 - 0x00007ffc9afd8000 	C:\WINDOWS\SYSTEM32\kernel.appcore.dll
0x00007ffc71d00000 - 0x00007ffc71d0a000 	C:\Users\muhammad hanif\ProgramEnv\jdk-21_windows-x64_bin\jdk-21.0.6\bin\jimage.dll
0x00007ffc99b00000 - 0x00007ffc99d32000 	C:\WINDOWS\SYSTEM32\DBGHELP.DLL
0x00007ffc9e450000 - 0x00007ffc9e7e0000 	C:\WINDOWS\System32\combase.dll
0x00007ffc9d6a0000 - 0x00007ffc9d777000 	C:\WINDOWS\System32\OLEAUT32.dll
0x00007ffc91400000 - 0x00007ffc91432000 	C:\WINDOWS\SYSTEM32\dbgcore.DLL
0x00007ffc9c960000 - 0x00007ffc9c9db000 	C:\WINDOWS\System32\bcryptPrimitives.dll
0x00007ffc6df80000 - 0x00007ffc6df8f000 	C:\Users\muhammad hanif\ProgramEnv\jdk-21_windows-x64_bin\jdk-21.0.6\bin\instrument.dll
0x00007ffc6d370000 - 0x00007ffc6d38f000 	C:\Users\muhammad hanif\ProgramEnv\jdk-21_windows-x64_bin\jdk-21.0.6\bin\java.dll

dbghelp: loaded successfully - version: 4.0.5 - missing functions: none
symbol engine: initialized successfully - sym options: 0x614 - pdb path: .;C:\Users\muhammad hanif\ProgramEnv\jdk-21_windows-x64_bin\jdk-21.0.6\bin;C:\WINDOWS\SYSTEM32;C:\WINDOWS\WinSxS\amd64_microsoft.windows.common-controls_6595b64144ccf1df_6.0.22621.4830_none_270fe7d773858e80;C:\Users\muhammad hanif\ProgramEnv\jdk-21_windows-x64_bin\jdk-21.0.6\bin\server

VM Arguments:
jvm_args: -XX:TieredStopAtLevel=1 -Dspring.output.ansi.enabled=always -Dcom.sun.management.jmxremote -Dspring.jmx.enabled=true -Dspring.liveBeansView.mbeanDomain -Dspring.application.admin.enabled=true -Dmanagement.endpoints.jmx.exposure.include=* -javaagent:C:\Program Files\JetBrains\IntelliJ IDEA 2024.3.2.2\lib\idea_rt.jar=49818:C:\Program Files\JetBrains\IntelliJ IDEA 2024.3.2.2\bin -Dfile.encoding=UTF-8 -Dsun.stdout.encoding=UTF-8 -Dsun.stderr.encoding=UTF-8 
java_command: com.techie.microservices.product.ProductServiceApplication
java_class_path (initial): C:\Users\muhammad hanif\OneDrive\Documents\SEMESTER6\PPBLO-P\PPLBO\product-service\target\classes;C:\Users\muhammad hanif\.m2\repository\org\springframework\boot\spring-boot-starter-data-mongodb\3.4.2\spring-boot-starter-data-mongodb-3.4.2.jar;C:\Users\muhammad hanif\.m2\repository\org\springframework\boot\spring-boot-starter\3.4.2\spring-boot-starter-3.4.2.jar;C:\Users\muhammad hanif\.m2\repository\org\springframework\boot\spring-boot\3.4.2\spring-boot-3.4.2.jar;C:\Users\muhammad hanif\.m2\repository\org\springframework\boot\spring-boot-starter-logging\3.4.2\spring-boot-starter-logging-3.4.2.jar;C:\Users\muhammad hanif\.m2\repository\ch\qos\logback\logback-classic\1.5.16\logback-classic-1.5.16.jar;C:\Users\muhammad hanif\.m2\repository\ch\qos\logback\logback-core\1.5.16\logback-core-1.5.16.jar;C:\Users\muhammad hanif\.m2\repository\org\apache\logging\log4j\log4j-to-slf4j\2.24.3\log4j-to-slf4j-2.24.3.jar;C:\Users\muhammad hanif\.m2\repository\org\apache\logging\log4j\log4j-api\2.24.3\log4j-api-2.24.3.jar;C:\Users\muhammad hanif\.m2\repository\org\slf4j\jul-to-slf4j\2.0.16\jul-to-slf4j-2.0.16.jar;C:\Users\muhammad hanif\.m2\repository\jakarta\annotation\jakarta.annotation-api\2.1.1\jakarta.annotation-api-2.1.1.jar;C:\Users\muhammad hanif\.m2\repository\org\yaml\snakeyaml\2.3\snakeyaml-2.3.jar;C:\Users\muhammad hanif\.m2\repository\org\mongodb\mongodb-driver-sync\5.2.1\mongodb-driver-sync-5.2.1.jar;C:\Users\muhammad hanif\.m2\repository\org\mongodb\bson\5.2.1\bson-5.2.1.jar;C:\Users\muhammad hanif\.m2\repository\org\mongodb\mongodb-driver-core\5.2.1\mongodb-driver-core-5.2.1.jar;C:\Users\muhammad hanif\.m2\repository\org\mongodb\bson-record-codec\5.2.1\bson-record-codec-5.2.1.jar;C:\Users\muhammad hanif\.m2\repository\org\springframework\data\spring-data-mongodb\4.4.2\spring-data-mongodb-4.4.2.jar;C:\Users\muhammad hanif\.m2\repository\org\springframework\spring-tx\6.2.2\spring-tx-6.2.2.jar;C:\Users\muhammad hanif\.m2\repository\org\springframework\spring-context\6.2.2\spring-context-6.2.2.jar;C:\Users\muhammad hanif\.m2\repository\org\springframework\spring-beans\6.2.2\spring-beans-6.2.2.jar;C:\Users\muhammad hanif\.m2\repository\org\springframework\spring-expression\6.2.2\spring-expression-6.2.2.jar;C:\Users\muhammad hanif\.m2\repository\org\springframework\data\spring-data-commons\3.4.2\spring-data-commons-3.4.2.jar;C:\Users\muhammad hanif\.m2\repository\org\slf4j\slf4j-api\2.0.16\slf4j-api-2.0.16.jar;C:\Users\muhammad hanif\.m2\repository\org\springframework\boot\spring-boot-starter-web\3.4.2\spring-boot-starter-web-3.4.2.jar;C:\Users\muhammad hanif\.m2\repository\org\springframework\boot\spring-boot-starter-json\3.4.2\spring-boot-starter-json-3.4.2.jar;C:\Users\muhammad hanif\.m2\repository\com\fasterxml\jackson\core\jackson-databind\2.18.2\jackson-databind-2.18.2.jar;C:\Users\muhammad hanif\.m2\repository\com\fasterxml\jackson\core\jackson-annotations\2.18.2\jackson-annotations-2.18.2.jar;C:\Users\muhammad hanif\.m2\repository\com\fasterxml\jackson\core\jackson-core\2.18.2\jackson-core-2.18.2.jar;C:\Users\muhammad hanif\.m2\repository\com\fasterxml\jackson\datatype\jackson-datatype-jdk8\2.18.2\jackson-datatype-jdk8-2.18.2.jar;C:\Users\muhammad hanif\.m2\repository\com\fasterxml\jackson\datatype\jackson-datatype-jsr310\2.18.2\jackson-datatype-jsr310-2.18.2.jar;C:\Users\muhammad hanif\.m2\repository\com\fasterxml\jackson\module\jackson-module-parameter-names\2.18.2\jackson-module-parameter-names-2.18.2.jar;C:\Users\muhammad hanif\.m2\repository\org\springframework\boot\spring-boot-starter-tomcat\3.4.2\spring-boot-starter-tomcat-3.4.2.jar;C:\Users\muhammad hanif\.m2\repository\org\apache\tomcat\embed\tomcat-embed-core\10.1.34\tomcat-embed-core-10.1.34.jar;C:\Users\muhammad hanif\.m2\repository\org\apache\tomcat\embed\tomcat-embed-el\10.1.34\tomcat-embed-el-10.1.34.jar;C:\Users\muhammad hanif\.m2\repository\org\apache\tomcat\embed\tomcat-embed-websocket\10.1.34\tomcat-embed-websocket-10.1.34.jar;C:\Users\muhammad hanif\.m2\repository\org\springframework\spring-web\6.2.2\spring-web-6.2.2.jar;C:\Users\muhammad hanif\.m2\repository\io\micrometer\micrometer-observation\1.14.3\micrometer-observation-1.14.3.jar;C:\Users\muhammad hanif\.m2\repository\io\micrometer\micrometer-commons\1.14.3\micrometer-commons-1.14.3.jar;C:\Users\muhammad hanif\.m2\repository\org\springframework\spring-webmvc\6.2.2\spring-webmvc-6.2.2.jar;C:\Users\muhammad hanif\.m2\repository\org\springframework\spring-aop\6.2.2\spring-aop-6.2.2.jar;C:\Users\muhammad hanif\.m2\repository\org\projectlombok\lombok\1.18.36\lombok-1.18.36.jar;C:\Users\muhammad hanif\.m2\repository\org\springdoc\springdoc-openapi-starter-webmvc-ui\2.8.5\springdoc-openapi-starter-webmvc-ui-2.8.5.jar;C:\Users\muhammad hanif\.m2\repository\org\webjars\swagger-ui\5.18.3\swagger-ui-5.18.3.jar;C:\Users\muhammad hanif\.m2\repository\org\webjars\webjars-locator-lite\1.0.1\webjars-locator-lite-1.0.1.jar;C:\Users\muhammad hanif\.m2\repository\org\jspecify\jspecify\1.0.0\jspecify-1.0.0.jar;C:\Users\muhammad hanif\.m2\repository\org\springdoc\springdoc-openapi-starter-webmvc-api\2.8.5\springdoc-openapi-starter-webmvc-api-2.8.5.jar;C:\Users\muhammad hanif\.m2\repository\org\springdoc\springdoc-openapi-starter-common\2.8.5\springdoc-openapi-starter-common-2.8.5.jar;C:\Users\muhammad hanif\.m2\repository\io\swagger\core\v3\swagger-core-jakarta\2.2.28\swagger-core-jakarta-2.2.28.jar;C:\Users\muhammad hanif\.m2\repository\io\swagger\core\v3\swagger-annotations-jakarta\2.2.28\swagger-annotations-jakarta-2.2.28.jar;C:\Users\muhammad hanif\.m2\repository\io\swagger\core\v3\swagger-models-jakarta\2.2.28\swagger-models-jakarta-2.2.28.jar;C:\Users\muhammad hanif\.m2\repository\jakarta\validation\jakarta.validation-api\3.0.2\jakarta.validation-api-3.0.2.jar;C:\Users\muhammad hanif\.m2\repository\com\fasterxml\jackson\dataformat\jackson-dataformat-yaml\2.18.2\jackson-dataformat-yaml-2.18.2.jar;C:\Users\muhammad hanif\.m2\repository\jakarta\xml\bind\jakarta.xml.bind-api\4.0.2\jakarta.xml.bind-api-4.0.2.jar;C:\Users\muhammad hanif\.m2\repository\jakarta\activation\jakarta.activation-api\2.1.3\jakarta.activation-api-2.1.3.jar;C:\Users\muhammad hanif\.m2\repository\org\hamcrest\hamcrest\2.2\hamcrest-2.2.jar;C:\Users\muhammad hanif\.m2\repository\org\springframework\spring-core\6.2.2\spring-core-6.2.2.jar;C:\Users\muhammad hanif\.m2\repository\org\springframework\spring-jcl\6.2.2\spring-jcl-6.2.2.jar;C:\Users\muhammad hanif\.m2\repository\org\springframework\boot\spring-boot-autoconfigure\3.4.2\spring-boot-autoconfigure-3.4.2.jar;C:\Users\muhammad hanif\.m2\repository\io\rest-assured\rest-assured\5.3.2\rest-assured-5.3.2.jar;C:\Users\muhammad hanif\.m2\repository\org\apache\groovy\groovy\4.0.24\groovy-4.0.24.jar;C:\Users\muhammad hanif\.m2\repository\org\apache\groovy\groovy-xml\4.0.24\groovy-xml-4.0.24.jar;C:\Users\muhammad hanif\.m2\repository\org\apache\httpcomponents\httpclient\4.5.13\httpclient-4.5.13.jar;C:\Users\muhammad hanif\.m2\repository\org\apache\httpcomponents\httpcore\4.4.16\httpcore-4.4.16.jar;C:\Users\muhammad hanif\.m2\repository\commons-logging\commons-logging\1.2\commons-logging-1.2.jar;C:\Users\muhammad hanif\.m2\repository\commons-codec\commons-codec\1.17.2\commons-codec-1.17.2.jar;C:\Users\muhammad hanif\.m2\repository\org\apache\httpcomponents\httpmime\4.5.13\httpmime-4.5.13.jar;C:\Users\muhammad hanif\.m2\repository\org\ccil\cowan\tagsoup\tagsoup\1.2.1\tagsoup-1.2.1.jar;C:\Users\muhammad hanif\.m2\repository\io\rest-assured\json-path\5.5.0\json-path-5.5.0.jar;C:\Users\muhammad hanif\.m2\repository\org\apache\groovy\groovy-json\4.0.24\groovy-json-4.0.24.jar;C:\Users\muhammad hanif\.m2\repository\io\rest-assured\rest-assured-common\5.5.0\rest-assured-common-5.5.0.jar;C:\Users\muhammad hanif\.m2\repository\io\rest-assured\xml-path\5.5.0\xml-path-5.5.0.jar;C:\Users\muhammad hanif\.m2\repository\org\apache\commons\commons-lang3\3.17.0\commons-lang3-3.17.0.jar
Launcher Type: SUN_STANDARD

[Global flags]
     intx CICompilerCount                          = 4                                         {product} {ergonomic}
     uint ConcGCThreads                            = 2                                         {product} {ergonomic}
     uint G1ConcRefinementThreads                  = 8                                         {product} {ergonomic}
   size_t G1HeapRegionSize                         = 1048576                                   {product} {ergonomic}
    uintx GCDrainStackTargetSize                   = 64                                        {product} {ergonomic}
   size_t InitialHeapSize                          = 98566144                                  {product} {ergonomic}
     bool ManagementServer                         = true                                      {product} {command line}
   size_t MarkStackSize                            = 4194304                                   {product} {ergonomic}
   size_t MaxHeapSize                              = 1570766848                                {product} {ergonomic}
   size_t MinHeapDeltaBytes                        = 1048576                                   {product} {ergonomic}
   size_t MinHeapSize                              = 8388608                                   {product} {ergonomic}
    uintx NonNMethodCodeHeapSize                   = 4096                                   {pd product} {ergonomic}
    uintx NonProfiledCodeHeapSize                  = 0                                      {pd product} {ergonomic}
     bool ProfileInterpreter                       = false                                  {pd product} {command line}
    uintx ProfiledCodeHeapSize                     = 0                                      {pd product} {ergonomic}
   size_t SoftMaxHeapSize                          = 1570766848                             {manageable} {ergonomic}
     intx TieredStopAtLevel                        = 1                                         {product} {command line}
     bool UseCompressedOops                        = true                           {product lp64_product} {ergonomic}
     bool UseG1GC                                  = true                                      {product} {ergonomic}
     bool UseLargePagesIndividualAllocation        = false                                  {pd product} {ergonomic}

Logging:
Log output configuration:
 #0: stdout all=warning uptime,level,tags foldmultilines=false
 #1: stderr all=off uptime,level,tags foldmultilines=false

Environment Variables:
PATH=C:\Python312\Scripts\;C:\Python312\;C:\Program Files\Haskell\bin;C:\Program Files\Haskell Platform\7.10.2-a\lib\extralibs\bin;C:\Program Files\Haskell Platform\7.10.2-a\bin;C:\Program Files\Haskell Platform\8.6.5\lib\extralibs\bin;C:\Program Files\Haskell Platform\8.6.5\bin;C:\Oracle\dbhomeXE\bin;C:\Aplikasi\dbhomeXE\bin;C:\Program Files\Java\jdk-11\bin;C:\WINDOWS\system32;C:\WINDOWS;C:\WINDOWS\System32\Wbem;C:\WINDOWS\System32\WindowsPowerShell\v1.0\;C:\WINDOWS\System32\OpenSSH\;C:\Program Files\Git\cmd;C:\Program Files\PuTTY\;C:\Program Files\Haskell Platform\8.6.5\mingw\bin;C:\ProgramData\chocolatey\bin;C:\Program Files\Haskell Platform\7.10.2-a\mingw\bin;C:\Users\muhammad hanif\Downloads\mongosh-2.1.4-win32-x64\bin;C:\Program Files\nodejs\;C:\Users\muhammad hanif\OneDrive\Documents\SEMESTER5\WebDevT\security-headers-project;C:\Program Files\Docker\Docker\resources\bin;C:\Users\muhammad hanif\ProgramEnv\apache-maven-3.9.9;C:\Users\muhammad hanif\ProgramEnv\apache-maven-3.9.9bin;C:\Users\muhammad hanif\AppData\Roaming\cabal\bin;C:\Users\muhammad hanif\AppData\Roaming\local\bin;C:\Users\muhammad hanif\AppData\Local\Programs\Python\Python311\Scripts\;C:\Users\muhammad hanif\AppData\Local\Programs\Python\Python311\;C:\Users\muhammad hanif\AppData\Local\Microsoft\WindowsApps;C:\Users\muhammad hanif\AppData\Local\Programs\Microsoft VS Code\bin;C:\msys64\mingw64\bin;C:\Users\muhammad hanif\AppData\Local\GitHubDesktop\bin;C:\Strawberry\perl\bin;C:\tools\ghc-9.6.2\bin;C:\tools\msys64;C:\Program Files\swipl\bin;C:\Users\muhammad hanif\AppData\Roaming\npm;C:\xampp\php;C:\Users\muhammad hanif\AppData\Local\ComposerSetup\bin;C:\Users\muhammad hanif\AppData\Roaming\Composer\vendor\bin;C:\Program Files\JetBrains\IntelliJ IDEA 2024.3.2.2\bin;;C:\Users\muhammad hanif\ProgramEnv\apache-maven-3.9.9
USERNAME=muhammad hanif
OS=Windows_NT
PROCESSOR_IDENTIFIER=AMD64 Family 23 Model 104 Stepping 1, AuthenticAMD
TMP=C:\Users\MUHAMM~1\AppData\Local\Temp
TEMP=C:\Users\MUHAMM~1\AppData\Local\Temp




Periodic native trim disabled

---------------  S Y S T E M  ---------------

OS:
 Windows 11 , 64 bit Build 22621 (10.0.22621.4830)
OS uptime: 13 days 21:44 hours
Hyper-V role detected

CPU: total 8 (initial active 8) (8 cores per cpu, 2 threads per core) family 23 model 104 stepping 1 microcode 0x0, cx8, cmov, fxsr, ht, mmx, 3dnowpref, sse, sse2, sse3, ssse3, sse4a, sse4.1, sse4.2, popcnt, lzcnt, tsc, tscinvbit, avx, avx2, aes, clmul, bmi1, bmi2, adx, sha, fma, vzeroupper, clflush, clflushopt, hv, rdtscp, rdpid, f16c
Processor Information for all 8 processors :
  Max Mhz: 2600, Current Mhz: 2600, Mhz Limit: 2600

Memory: 4k page, system-wide physical 5989M (87M free)
TotalPageFile size 24421M (AvailPageFile size 5M)
current process WorkingSet (physical memory assigned to process): 11M, peak: 11M
current process commit charge ("private bytes"): 149M, peak: 151M

vm_info: Java HotSpot(TM) 64-Bit Server VM (21.0.6+8-LTS-188) for windows-amd64 JRE (21.0.6+8-LTS-188), built on 2024-12-03T10:50:54Z by "mach5one" with MS VC++ 17.6 (VS2022)

END.
